Archive member included to satisfy reference by file (symbol)

c:/siliconlabs/simplicitystudio/v4/developer/toolchains/gnu_arm/7.2_2017q4/bin/../lib/gcc/arm-none-eabi/7.2.1/thumb/v7e-m/fpv4-sp/softfp\libgcc.a(_aeabi_uldivmod.o)
                              ./emlib/em_usart.o (__aeabi_uldivmod)
c:/siliconlabs/simplicitystudio/v4/developer/toolchains/gnu_arm/7.2_2017q4/bin/../lib/gcc/arm-none-eabi/7.2.1/thumb/v7e-m/fpv4-sp/softfp\libgcc.a(_udivmoddi4.o)
                              c:/siliconlabs/simplicitystudio/v4/developer/toolchains/gnu_arm/7.2_2017q4/bin/../lib/gcc/arm-none-eabi/7.2.1/thumb/v7e-m/fpv4-sp/softfp\libgcc.a(_aeabi_uldivmod.o) (__udivmoddi4)
c:/siliconlabs/simplicitystudio/v4/developer/toolchains/gnu_arm/7.2_2017q4/bin/../lib/gcc/arm-none-eabi/7.2.1/thumb/v7e-m/fpv4-sp/softfp\libgcc.a(_dvmd_tls.o)
                              c:/siliconlabs/simplicitystudio/v4/developer/toolchains/gnu_arm/7.2_2017q4/bin/../lib/gcc/arm-none-eabi/7.2.1/thumb/v7e-m/fpv4-sp/softfp\libgcc.a(_aeabi_uldivmod.o) (__aeabi_ldiv0)
c:/siliconlabs/simplicitystudio/v4/developer/toolchains/gnu_arm/7.2_2017q4/bin/../lib/gcc/arm-none-eabi/7.2.1/../../../../arm-none-eabi/lib/thumb/v7e-m/fpv4-sp/softfp\libc_nano.a(lib_a-exit.o)
                              c:/siliconlabs/simplicitystudio/v4/developer/toolchains/gnu_arm/7.2_2017q4/bin/../lib/gcc/arm-none-eabi/7.2.1/../../../../arm-none-eabi/lib/thumb/v7e-m/fpv4-sp/softfp/crt0.o (exit)
c:/siliconlabs/simplicitystudio/v4/developer/toolchains/gnu_arm/7.2_2017q4/bin/../lib/gcc/arm-none-eabi/7.2.1/../../../../arm-none-eabi/lib/thumb/v7e-m/fpv4-sp/softfp\libc_nano.a(lib_a-impure.o)
                              c:/siliconlabs/simplicitystudio/v4/developer/toolchains/gnu_arm/7.2_2017q4/bin/../lib/gcc/arm-none-eabi/7.2.1/../../../../arm-none-eabi/lib/thumb/v7e-m/fpv4-sp/softfp\libc_nano.a(lib_a-exit.o) (_global_impure_ptr)
c:/siliconlabs/simplicitystudio/v4/developer/toolchains/gnu_arm/7.2_2017q4/bin/../lib/gcc/arm-none-eabi/7.2.1/../../../../arm-none-eabi/lib/thumb/v7e-m/fpv4-sp/softfp\libc_nano.a(lib_a-init.o)
                              c:/siliconlabs/simplicitystudio/v4/developer/toolchains/gnu_arm/7.2_2017q4/bin/../lib/gcc/arm-none-eabi/7.2.1/../../../../arm-none-eabi/lib/thumb/v7e-m/fpv4-sp/softfp/crt0.o (__libc_init_array)
c:/siliconlabs/simplicitystudio/v4/developer/toolchains/gnu_arm/7.2_2017q4/bin/../lib/gcc/arm-none-eabi/7.2.1/../../../../arm-none-eabi/lib/thumb/v7e-m/fpv4-sp/softfp\libc_nano.a(lib_a-memcpy-stub.o)
                              ./emlib/em_crypto.o (memcpy)
c:/siliconlabs/simplicitystudio/v4/developer/toolchains/gnu_arm/7.2_2017q4/bin/../lib/gcc/arm-none-eabi/7.2.1/../../../../arm-none-eabi/lib/thumb/v7e-m/fpv4-sp/softfp\libc_nano.a(lib_a-memset.o)
                              c:/siliconlabs/simplicitystudio/v4/developer/toolchains/gnu_arm/7.2_2017q4/bin/../lib/gcc/arm-none-eabi/7.2.1/../../../../arm-none-eabi/lib/thumb/v7e-m/fpv4-sp/softfp/crt0.o (memset)
c:/siliconlabs/simplicitystudio/v4/developer/toolchains/gnu_arm/7.2_2017q4/bin/../lib/gcc/arm-none-eabi/7.2.1/../../../../arm-none-eabi/lib/thumb/v7e-m/fpv4-sp/softfp\libnosys.a(_exit.o)
                              c:/siliconlabs/simplicitystudio/v4/developer/toolchains/gnu_arm/7.2_2017q4/bin/../lib/gcc/arm-none-eabi/7.2.1/../../../../arm-none-eabi/lib/thumb/v7e-m/fpv4-sp/softfp\libc_nano.a(lib_a-exit.o) (_exit)

Discarded input sections

 .text          0x00000000        0x0 c:/siliconlabs/simplicitystudio/v4/developer/toolchains/gnu_arm/7.2_2017q4/bin/../lib/gcc/arm-none-eabi/7.2.1/thumb/v7e-m/fpv4-sp/softfp/crti.o
 .data          0x00000000        0x0 c:/siliconlabs/simplicitystudio/v4/developer/toolchains/gnu_arm/7.2_2017q4/bin/../lib/gcc/arm-none-eabi/7.2.1/thumb/v7e-m/fpv4-sp/softfp/crti.o
 .bss           0x00000000        0x0 c:/siliconlabs/simplicitystudio/v4/developer/toolchains/gnu_arm/7.2_2017q4/bin/../lib/gcc/arm-none-eabi/7.2.1/thumb/v7e-m/fpv4-sp/softfp/crti.o
 .data          0x00000000        0x4 c:/siliconlabs/simplicitystudio/v4/developer/toolchains/gnu_arm/7.2_2017q4/bin/../lib/gcc/arm-none-eabi/7.2.1/thumb/v7e-m/fpv4-sp/softfp/crtbegin.o
 .data          0x00000000        0x0 c:/siliconlabs/simplicitystudio/v4/developer/toolchains/gnu_arm/7.2_2017q4/bin/../lib/gcc/arm-none-eabi/7.2.1/../../../../arm-none-eabi/lib/thumb/v7e-m/fpv4-sp/softfp/crt0.o
 .bss           0x00000000        0x0 c:/siliconlabs/simplicitystudio/v4/developer/toolchains/gnu_arm/7.2_2017q4/bin/../lib/gcc/arm-none-eabi/7.2.1/../../../../arm-none-eabi/lib/thumb/v7e-m/fpv4-sp/softfp/crt0.o
 .ARM.extab     0x00000000        0x0 c:/siliconlabs/simplicitystudio/v4/developer/toolchains/gnu_arm/7.2_2017q4/bin/../lib/gcc/arm-none-eabi/7.2.1/../../../../arm-none-eabi/lib/thumb/v7e-m/fpv4-sp/softfp/crt0.o
 .group         0x00000000        0xc ./BSP/bsp_stk_leds.o
 .group         0x00000000        0xc ./BSP/bsp_stk_leds.o
 .group         0x00000000        0xc ./BSP/bsp_stk_leds.o
[...]
Memory Configuration

Name             Origin             Length             Attributes
FLASH            0x00000000         0x00100000         xr
RAM              0x20000000         0x00040000         xrw
*default*        0x00000000         0xffffffff

Linker script and memory map

LOAD c:/siliconlabs/simplicitystudio/v4/developer/toolchains/gnu_arm/7.2_2017q4/bin/../lib/gcc/arm-none-eabi/7.2.1/thumb/v7e-m/fpv4-sp/softfp/crti.o
LOAD c:/siliconlabs/simplicitystudio/v4/developer/toolchains/gnu_arm/7.2_2017q4/bin/../lib/gcc/arm-none-eabi/7.2.1/thumb/v7e-m/fpv4-sp/softfp/crtbegin.o
LOAD c:/siliconlabs/simplicitystudio/v4/developer/toolchains/gnu_arm/7.2_2017q4/bin/../lib/gcc/arm-none-eabi/7.2.1/../../../../arm-none-eabi/lib/thumb/v7e-m/fpv4-sp/softfp/crt0.o
LOAD ./BSP/bsp_stk_leds.o
LOAD ./CMSIS/EFM32PG12B/startup_gcc_efm32pg12b.o
LOAD ./CMSIS/EFM32PG12B/system_efm32pg12b.o
LOAD ./emlib/em_acmp.o
LOAD ./emlib/em_adc.o
LOAD ./emlib/em_aes.o
LOAD ./emlib/em_assert.o
LOAD ./emlib/em_burtc.o
LOAD ./emlib/em_can.o
LOAD ./emlib/em_cmu.o
LOAD ./emlib/em_core.o
LOAD ./emlib/em_cryotimer.o
LOAD ./emlib/em_crypto.o
LOAD ./emlib/em_csen.o
LOAD ./emlib/em_dac.o
LOAD ./emlib/em_dbg.o
LOAD ./emlib/em_dma.o
LOAD ./emlib/em_ebi.o
LOAD ./emlib/em_emu.o
LOAD ./emlib/em_gpcrc.o
LOAD ./emlib/em_gpio.o
LOAD ./emlib/em_i2c.o
LOAD ./emlib/em_iadc.o
LOAD ./emlib/em_idac.o
LOAD ./emlib/em_int.o
LOAD ./emlib/em_lcd.o
LOAD ./emlib/em_ldma.o
LOAD ./emlib/em_lesense.o
LOAD ./emlib/em_letimer.o
LOAD ./emlib/em_leuart.o
LOAD ./emlib/em_mpu.o
LOAD ./emlib/em_msc.o
LOAD ./emlib/em_opamp.o
LOAD ./emlib/em_pcnt.o
LOAD ./emlib/em_pdm.o
LOAD ./emlib/em_prs.o
LOAD ./emlib/em_qspi.o
LOAD ./emlib/em_rmu.o
LOAD ./emlib/em_rtc.o
LOAD ./emlib/em_rtcc.o
LOAD ./emlib/em_se.o
LOAD ./emlib/em_system.o
LOAD ./emlib/em_timer.o
LOAD ./emlib/em_usart.o
LOAD ./emlib/em_vcmp.o
LOAD ./emlib/em_vdac.o
LOAD ./emlib/em_wdog.o
LOAD ./src/cmu.o
LOAD ./src/gpio.o
LOAD ./src/main.o
START GROUP
LOAD c:/siliconlabs/simplicitystudio/v4/developer/toolchains/gnu_arm/7.2_2017q4/bin/../lib/gcc/arm-none-eabi/7.2.1/thumb/v7e-m/fpv4-sp/softfp\libgcc.a
LOAD c:/siliconlabs/simplicitystudio/v4/developer/toolchains/gnu_arm/7.2_2017q4/bin/../lib/gcc/arm-none-eabi/7.2.1/../../../../arm-none-eabi/lib/thumb/v7e-m/fpv4-sp/softfp\libc_nano.a
LOAD c:/siliconlabs/simplicitystudio/v4/developer/toolchains/gnu_arm/7.2_2017q4/bin/../lib/gcc/arm-none-eabi/7.2.1/../../../../arm-none-eabi/lib/thumb/v7e-m/fpv4-sp/softfp\libnosys.a
END GROUP
START GROUP
LOAD c:/siliconlabs/simplicitystudio/v4/developer/toolchains/gnu_arm/7.2_2017q4/bin/../lib/gcc/arm-none-eabi/7.2.1/thumb/v7e-m/fpv4-sp/softfp\libgcc.a
LOAD c:/siliconlabs/simplicitystudio/v4/developer/toolchains/gnu_arm/7.2_2017q4/bin/../lib/gcc/arm-none-eabi/7.2.1/../../../../arm-none-eabi/lib/thumb/v7e-m/fpv4-sp/softfp\libg_nano.a
LOAD c:/siliconlabs/simplicitystudio/v4/developer/toolchains/gnu_arm/7.2_2017q4/bin/../lib/gcc/arm-none-eabi/7.2.1/../../../../arm-none-eabi/lib/thumb/v7e-m/fpv4-sp/softfp\libc_nano.a
END GROUP
START GROUP
LOAD c:/siliconlabs/simplicitystudio/v4/developer/toolchains/gnu_arm/7.2_2017q4/bin/../lib/gcc/arm-none-eabi/7.2.1/thumb/v7e-m/fpv4-sp/softfp\libgcc.a
LOAD c:/siliconlabs/simplicitystudio/v4/developer/toolchains/gnu_arm/7.2_2017q4/bin/../lib/gcc/arm-none-eabi/7.2.1/../../../../arm-none-eabi/lib/thumb/v7e-m/fpv4-sp/softfp\libc_nano.a
END GROUP
LOAD c:/siliconlabs/simplicitystudio/v4/developer/toolchains/gnu_arm/7.2_2017q4/bin/../lib/gcc/arm-none-eabi/7.2.1/thumb/v7e-m/fpv4-sp/softfp/crtend.o
LOAD c:/siliconlabs/simplicitystudio/v4/developer/toolchains/gnu_arm/7.2_2017q4/bin/../lib/gcc/arm-none-eabi/7.2.1/thumb/v7e-m/fpv4-sp/softfp/crtn.o

.text           0x00000000     0x29a0
 *(.vectors)
 .vectors       0x00000000      0x10c ./CMSIS/EFM32PG12B/startup_gcc_efm32pg12b.o
                0x00000000                __Vectors
                0x0000010c                __Vectors_End = .
                0x0000010c                __Vectors_Size = (__Vectors_End - __Vectors)
                0x0000010c                __end__ = .
 *(.text*)
 .text          0x0000010c       0x40 c:/siliconlabs/simplicitystudio/v4/developer/toolchains/gnu_arm/7.2_2017q4/bin/../lib/gcc/arm-none-eabi/7.2.1/thumb/v7e-m/fpv4-sp/softfp/crtbegin.o
 .text          0x0000014c       0x74 c:/siliconlabs/simplicitystudio/v4/developer/toolchains/gnu_arm/7.2_2017q4/bin/../lib/gcc/arm-none-eabi/7.2.1/../../../../arm-none-eabi/lib/thumb/v7e-m/fpv4-sp/softfp/crt0.o
                0x0000014c                _start
                0x0000014c                _mainCRTStartup
 .text          0x000001c0       0x30 ./CMSIS/EFM32PG12B/startup_gcc_efm32pg12b.o
                0x000001c0                Reset_Handler
                0x000001ec                USART0_TX_IRQHandler
                0x000001ec                I2C0_IRQHandler
                0x000001ec                HardFault_Handler
                0x000001ec                SysTick_Handler
                0x000001ec                USART1_RX_IRQHandler
                0x000001ec                PendSV_Handler
                0x000001ec                NMI_Handler
                0x000001ec                I2C1_IRQHandler
                0x000001ec                WTIMER0_IRQHandler
                0x000001ec                CRYPTO0_IRQHandler
                0x000001ec                WDOG0_IRQHandler
                0x000001ec                USART1_TX_IRQHandler
                0x000001ec                SMU_IRQHandler
                0x000001ec                MSC_IRQHandler
                0x000001ec                ADC0_IRQHandler
                0x000001ec                UsageFault_Handler
                0x000001ec                WDOG1_IRQHandler
                0x000001ec                LEUART0_IRQHandler
                0x000001ec                FPUEH_IRQHandler
                0x000001ec                WTIMER1_IRQHandler
                0x000001ec                GPIO_EVEN_IRQHandler
                0x000001ec                VDAC0_IRQHandler
                0x000001ec                LDMA_IRQHandler
                0x000001ec                CSEN_IRQHandler
                0x000001ec                CRYPTO1_IRQHandler
                0x000001ec                TIMER0_IRQHandler
                0x000001ec                DebugMon_Handler
                0x000001ec                PCNT2_IRQHandler
                0x000001ec                LETIMER0_IRQHandler
                0x000001ec                TIMER1_IRQHandler
                0x000001ec                TRNG0_IRQHandler
                0x000001ec                USART2_RX_IRQHandler
                0x000001ec                Default_Handler
                0x000001ec                EMU_IRQHandler
                0x000001ec                CRYOTIMER_IRQHandler
                0x000001ec                PCNT0_IRQHandler
                0x000001ec                PCNT1_IRQHandler
                0x000001ec                ACMP0_IRQHandler
                0x000001ec                USART0_RX_IRQHandler
                0x000001ec                MemManage_Handler
                0x000001ec                SVC_Handler
                0x000001ec                USART3_RX_IRQHandler
                0x000001ec                RTCC_IRQHandler
                0x000001ec                CMU_IRQHandler
                0x000001ec                LESENSE_IRQHandler
                0x000001ec                GPIO_ODD_IRQHandler
                0x000001ec                USART3_TX_IRQHandler
                0x000001ec                BusFault_Handler
                0x000001ec                USART2_TX_IRQHandler
                0x000001ec                IDAC0_IRQHandler
 .text.SystemCoreClockGet
                0x000001f0       0x40 ./CMSIS/EFM32PG12B/system_efm32pg12b.o
                0x000001f0                SystemCoreClockGet
 .text.SystemMaxCoreClockGet
                0x00000230       0x14 ./CMSIS/EFM32PG12B/system_efm32pg12b.o
                0x00000230                SystemMaxCoreClockGet
 .text.SystemHFClockGet
                0x00000244       0x70 ./CMSIS/EFM32PG12B/system_efm32pg12b.o
                0x00000244                SystemHFClockGet
 .text.SystemHFXOClockGet
                0x000002b4       0x18 ./CMSIS/EFM32PG12B/system_efm32pg12b.o
                0x000002b4                SystemHFXOClockGet
 .text.SystemInit
                0x000002cc       0x2c ./CMSIS/EFM32PG12B/system_efm32pg12b.o
                0x000002cc                SystemInit
 .text.SystemLFRCOClockGet
                0x000002f8       0x12 ./CMSIS/EFM32PG12B/system_efm32pg12b.o
                0x000002f8                SystemLFRCOClockGet
 .text.SystemULFRCOClockGet
                0x0000030a       0x12 ./CMSIS/EFM32PG12B/system_efm32pg12b.o
                0x0000030a                SystemULFRCOClockGet
 .text.SystemLFXOClockGet
                0x0000031c       0x18 ./CMSIS/EFM32PG12B/system_efm32pg12b.o
                0x0000031c                SystemLFXOClockGet
 .text.BUS_RegBitWrite
                0x00000334       0x2e ./emlib/em_cmu.o
 .text.BUS_RegBitRead
                0x00000362       0x2a ./emlib/em_cmu.o
 .text.CMU_Log2ToDiv
                0x0000038c       0x1c ./emlib/em_cmu.o
 .text.EMU_VScaleWait
                0x000003a8       0x1c ./emlib/em_cmu.o
 .text.EMU_VScaleGet
                0x000003c4       0x1c ./emlib/em_cmu.o
 .text.setHfLeConfig
                0x000003e0       0x64 ./emlib/em_cmu.o
 .text.auxClkGet
                0x00000444       0x20 ./emlib/em_cmu.o
 .text.hfSrcClkGet
                0x00000464       0x2c ./emlib/em_cmu.o
 .text.dbgClkGet
                0x00000490       0x40 ./emlib/em_cmu.o
 .text.adcAsyncClkGet
                0x000004d0       0x80 ./emlib/em_cmu.o
 .text.flashWaitStateControl
                0x00000550       0x8c ./emlib/em_cmu.o
 .text.flashWaitStateMax
                0x000005dc       0x44 ./emlib/em_cmu.o
 .text.CMU_UpdateWaitStates
                0x00000620       0x40 ./emlib/em_cmu.o
                0x00000620                CMU_UpdateWaitStates
 .text.getRegIshUpperVal
                0x00000660       0x36 ./emlib/em_cmu.o
 *fill*         0x00000696        0x2 
 .text.getHfxoTuningMode
                0x00000698       0x1c ./emlib/em_cmu.o
 .text.setHfxoTuningMode
                0x000006b4       0x2c ./emlib/em_cmu.o
 .text.lfClkGet
                0x000006e0       0xf4 ./emlib/em_cmu.o
 .text.syncReg  0x000007d4       0x38 ./emlib/em_cmu.o
 .text.hfperClkSafePrescaler
                0x0000080c        0xe ./emlib/em_cmu.o
 .text.hfperClkOptimizedPrescaler
                0x0000081a        0xe ./emlib/em_cmu.o
 .text.CMU_ClockEnable
                0x00000828       0xcc ./emlib/em_cmu.o
                0x00000828                CMU_ClockEnable
 .text.CMU_ClockFreqGet
                0x000008f4      0x20c ./emlib/em_cmu.o
                0x000008f4                CMU_ClockFreqGet
 .text.CMU_ClockSelectGet
                0x00000b00      0x1c0 ./emlib/em_cmu.o
                0x00000b00                CMU_ClockSelectGet
 .text.CMU_ClockSelectSet
                0x00000cc0      0x2f0 ./emlib/em_cmu.o
                0x00000cc0                CMU_ClockSelectSet
 .text.CMU_HFRCODevinfoGet
                0x00000fb0       0xdc ./emlib/em_cmu.o
 .text.CMU_HFRCOBandGet
                0x0000108c       0x18 ./emlib/em_cmu.o
                0x0000108c                CMU_HFRCOBandGet
 .text.CMU_HFRCOBandSet
                0x000010a4      0x124 ./emlib/em_cmu.o
                0x000010a4                CMU_HFRCOBandSet
 .text.CMU_HFXOInit
                0x000011c8       0xe4 ./emlib/em_cmu.o
                0x000011c8                CMU_HFXOInit
 .text.CMU_OscillatorEnable
                0x000012ac      0x1a0 ./emlib/em_cmu.o
                0x000012ac                CMU_OscillatorEnable
 .text.CMU_OscillatorTuningGet
                0x0000144c       0x74 ./emlib/em_cmu.o
                0x0000144c                CMU_OscillatorTuningGet
 .text.CMU_OscillatorTuningSet
                0x000014c0      0x100 ./emlib/em_cmu.o
                0x000014c0                CMU_OscillatorTuningSet
 .text.CMU_OscillatorTuningWait
                0x000015c0       0x94 ./emlib/em_cmu.o
                0x000015c0                CMU_OscillatorTuningWait
 .text.CMU_OscillatorTuningOptimize
                0x00001654       0x58 ./emlib/em_cmu.o
                0x00001654                CMU_OscillatorTuningOptimize
 .text.BUS_RegBitWrite
                0x000016ac       0x2e ./emlib/em_emu.o
 .text.BUS_RegBitRead
                0x000016da       0x2a ./emlib/em_emu.o
 .text.EMU_VScaleWait
                0x00001704       0x1c ./emlib/em_emu.o
 .text.EMU_VScaleGet
                0x00001720       0x1c ./emlib/em_emu.o
 .text.EMU_IntClear
                0x0000173c       0x20 ./emlib/em_emu.o
 .text.EMU_IntGet
                0x0000175c       0x18 ./emlib/em_emu.o
 .text.vScaleEM01Cmd
                0x00001774       0x22 ./emlib/em_emu.o
 *fill*         0x00001796        0x2 
 .text.EMU_VScaleEM01ByClock
                0x00001798       0x70 ./emlib/em_emu.o
                0x00001798                EMU_VScaleEM01ByClock
 .text.EMU_VScaleEM01
                0x00001808       0x88 ./emlib/em_emu.o
                0x00001808                EMU_VScaleEM01
 .text.dcdcConstCalibrationLoad
                0x00001890       0x10 ./emlib/em_emu.o
 .text.dcdcValidatedConfigSet
                0x000018a0       0x40 ./emlib/em_emu.o
 .text.currentLimitersUpdate
                0x000018e0       0xe8 ./emlib/em_emu.o
 .text.userCurrentLimitsSet
                0x000019c8       0x30 ./emlib/em_emu.o
 .text.compCtrlSet
                0x000019f8       0x40 ./emlib/em_emu.o
 .text.lpCmpHystCalibrationLoad
                0x00001a38       0xd0 ./emlib/em_emu.o
 .text.lpGetDevinfoVrefLowHigh
                0x00001b08      0x158 ./emlib/em_emu.o
 .text.EMU_DCDCModeSet
                0x00001c60       0xf0 ./emlib/em_emu.o
                0x00001c60                EMU_DCDCModeSet
 .text.EMU_DCDCInit
                0x00001d50      0x138 ./emlib/em_emu.o
                0x00001d50                EMU_DCDCInit
 .text.EMU_DCDCOutputVoltageSet
                0x00001e88      0x2ac ./emlib/em_emu.o
                0x00001e88                EMU_DCDCOutputVoltageSet
 .text.EMU_DCDCOptimizeSlice
                0x00002134       0xd8 ./emlib/em_emu.o
                0x00002134                EMU_DCDCOptimizeSlice
 .text.EMU_DCDCLnRcoBandSet
                0x0000220c       0x54 ./emlib/em_emu.o
                0x0000220c                EMU_DCDCLnRcoBandSet
 .text.BUS_RegMaskedSet
                0x00002260       0x24 ./emlib/em_gpio.o
 .text.BUS_RegMaskedClear
                0x00002284       0x24 ./emlib/em_gpio.o
 .text.BUS_RegMaskedWrite
                0x000022a8       0x24 ./emlib/em_gpio.o
 .text.GPIO_PinOutClear
                0x000022cc       0x78 ./emlib/em_gpio.o
 .text.GPIO_PinOutSet
                0x00002344       0x78 ./emlib/em_gpio.o
 .text.GPIO_DriveStrengthSet
                0x000023bc       0x7e ./emlib/em_gpio.o
                0x000023bc                GPIO_DriveStrengthSet
 *fill*         0x0000243a        0x2 
 .text.GPIO_PinModeSet
                0x0000243c      0x138 ./emlib/em_gpio.o
                0x0000243c                GPIO_PinModeSet
 .text.cmu_init
                0x00002574       0x84 ./src/cmu.o
                0x00002574                cmu_init
 .text.gpio_init
                0x000025f8       0x30 ./src/gpio.o
                0x000025f8                gpio_init
 .text.SYSTEM_GetProdRev
                0x00002628       0x1c ./src/main.o
 .text.BUS_RegMaskedSet
                0x00002644       0x24 ./src/main.o
 .text.BUS_RegMaskedClear
                0x00002668       0x24 ./src/main.o
 .text.GPIO_PinOutClear
                0x0000268c       0x78 ./src/main.o
 .text.GPIO_PinOutSet
                0x00002704       0x78 ./src/main.o
 .text.CHIP_Init
                0x0000277c       0x74 ./src/main.o
 .text.main     0x000027f0       0xc0 ./src/main.o
                0x000027f0                main
 .text.exit     0x000028b0       0x28 c:/siliconlabs/simplicitystudio/v4/developer/toolchains/gnu_arm/7.2_2017q4/bin/../lib/gcc/arm-none-eabi/7.2.1/../../../../arm-none-eabi/lib/thumb/v7e-m/fpv4-sp/softfp\libc_nano.a(lib_a-exit.o)
                0x000028b0                exit
 .text.__libc_init_array
                0x000028d8       0x48 c:/siliconlabs/simplicitystudio/v4/developer/toolchains/gnu_arm/7.2_2017q4/bin/../lib/gcc/arm-none-eabi/7.2.1/../../../../arm-none-eabi/lib/thumb/v7e-m/fpv4-sp/softfp\libc_nano.a(lib_a-init.o)
                0x000028d8                __libc_init_array
 .text.memset   0x00002920       0x10 c:/siliconlabs/simplicitystudio/v4/developer/toolchains/gnu_arm/7.2_2017q4/bin/../lib/gcc/arm-none-eabi/7.2.1/../../../../arm-none-eabi/lib/thumb/v7e-m/fpv4-sp/softfp\libc_nano.a(lib_a-memset.o)
                0x00002920                memset
 .text._exit    0x00002930        0x4 c:/siliconlabs/simplicitystudio/v4/developer/toolchains/gnu_arm/7.2_2017q4/bin/../lib/gcc/arm-none-eabi/7.2.1/../../../../arm-none-eabi/lib/thumb/v7e-m/fpv4-sp/softfp\libnosys.a(_exit.o)
                0x00002930                _exit
 *(.init)
 .init          0x00002934        0x4 c:/siliconlabs/simplicitystudio/v4/developer/toolchains/gnu_arm/7.2_2017q4/bin/../lib/gcc/arm-none-eabi/7.2.1/thumb/v7e-m/fpv4-sp/softfp/crti.o
                0x00002934                _init
 .init          0x00002938        0x8 c:/siliconlabs/simplicitystudio/v4/developer/toolchains/gnu_arm/7.2_2017q4/bin/../lib/gcc/arm-none-eabi/7.2.1/thumb/v7e-m/fpv4-sp/softfp/crtn.o
 *(.fini)
 .fini          0x00002940        0x4 c:/siliconlabs/simplicitystudio/v4/developer/toolchains/gnu_arm/7.2_2017q4/bin/../lib/gcc/arm-none-eabi/7.2.1/thumb/v7e-m/fpv4-sp/softfp/crti.o
                0x00002940                _fini
 .fini          0x00002944        0x8 c:/siliconlabs/simplicitystudio/v4/developer/toolchains/gnu_arm/7.2_2017q4/bin/../lib/gcc/arm-none-eabi/7.2.1/thumb/v7e-m/fpv4-sp/softfp/crtn.o
 *crtbegin.o(.ctors)
 *crtbegin?.o(.ctors)
 *(EXCLUDE_FILE(*crtend.o *crtend?.o) .ctors)
 *(SORT_BY_NAME(.ctors.*))
 *(.ctors)
 *crtbegin.o(.dtors)
 *crtbegin?.o(.dtors)
 *(EXCLUDE_FILE(*crtend.o *crtend?.o) .dtors)
 *(SORT_BY_NAME(.dtors.*))
 *(.dtors)
 *(.rodata*)
 .rodata.flashWsTable
                0x0000294c       0x28 ./emlib/em_cmu.o
 .rodata        0x00002974       0x22 ./src/main.o
 *fill*         0x00002996        0x2 
 .rodata._global_impure_ptr
                0x00002998        0x4 c:/siliconlabs/simplicitystudio/v4/developer/toolchains/gnu_arm/7.2_2017q4/bin/../lib/gcc/arm-none-eabi/7.2.1/../../../../arm-none-eabi/lib/thumb/v7e-m/fpv4-sp/softfp\libc_nano.a(lib_a-impure.o)
                0x00002998                _global_impure_ptr
 *(.eh_frame*)
 .eh_frame      0x0000299c        0x0 c:/siliconlabs/simplicitystudio/v4/developer/toolchains/gnu_arm/7.2_2017q4/bin/../lib/gcc/arm-none-eabi/7.2.1/thumb/v7e-m/fpv4-sp/softfp/crtbegin.o
 .eh_frame      0x0000299c        0x4 c:/siliconlabs/simplicitystudio/v4/developer/toolchains/gnu_arm/7.2_2017q4/bin/../lib/gcc/arm-none-eabi/7.2.1/thumb/v7e-m/fpv4-sp/softfp/crtend.o

.glue_7         0x000029a0        0x0
 .glue_7        0x000029a0        0x0 linker stubs

.glue_7t        0x000029a0        0x0
 .glue_7t       0x000029a0        0x0 linker stubs

.vfp11_veneer   0x000029a0        0x0
 .vfp11_veneer  0x000029a0        0x0 linker stubs

.v4_bx          0x000029a0        0x0
 .v4_bx         0x000029a0        0x0 linker stubs

.iplt           0x000029a0        0x0
 .iplt          0x000029a0        0x0 c:/siliconlabs/simplicitystudio/v4/developer/toolchains/gnu_arm/7.2_2017q4/bin/../lib/gcc/arm-none-eabi/7.2.1/thumb/v7e-m/fpv4-sp/softfp/crtbegin.o

.ARM.extab
 *(.ARM.extab* .gnu.linkonce.armextab.*)
                0x000029a0                __exidx_start = .

.ARM.exidx      0x000029a0        0x8
 *(.ARM.exidx* .gnu.linkonce.armexidx.*)
 .ARM.exidx     0x000029a0        0x8 c:/siliconlabs/simplicitystudio/v4/developer/toolchains/gnu_arm/7.2_2017q4/bin/../lib/gcc/arm-none-eabi/7.2.1/../../../../arm-none-eabi/lib/thumb/v7e-m/fpv4-sp/softfp/crt0.o
                0x000029a8                __exidx_end = .
                0x000029a8                __etext = .

.rel.dyn        0x000029a8        0x0
 .rel.iplt      0x000029a8        0x0 c:/siliconlabs/simplicitystudio/v4/developer/toolchains/gnu_arm/7.2_2017q4/bin/../lib/gcc/arm-none-eabi/7.2.1/thumb/v7e-m/fpv4-sp/softfp/crtbegin.o

.data           0x20000000       0x7c load address 0x000029a8
                0x20000000                __data_start__ = .
 *(vtable)
 *(.data*)
 .data.SystemHFXOClock
                0x20000000        0x4 ./CMSIS/EFM32PG12B/system_efm32pg12b.o
 .data.SystemLFXOClock
                0x20000004        0x4 ./CMSIS/EFM32PG12B/system_efm32pg12b.o
 .data.SystemCoreClock
                0x20000008        0x4 ./CMSIS/EFM32PG12B/system_efm32pg12b.o
                0x20000008                SystemCoreClock
 .data.SystemHfrcoFreq
                0x2000000c        0x4 ./CMSIS/EFM32PG12B/system_efm32pg12b.o
                0x2000000c                SystemHfrcoFreq
 .data.auxHfrcoFreq
                0x20000010        0x4 ./emlib/em_cmu.o
 .data.impure_data
                0x20000014       0x60 c:/siliconlabs/simplicitystudio/v4/developer/toolchains/gnu_arm/7.2_2017q4/bin/../lib/gcc/arm-none-eabi/7.2.1/../../../../arm-none-eabi/lib/thumb/v7e-m/fpv4-sp/softfp\libc_nano.a(lib_a-impure.o)
                0x20000074                . = ALIGN (0x4)
 *(.ram)
                0x20000074                . = ALIGN (0x4)
                0x20000074                PROVIDE (__preinit_array_start, .)
 *(.preinit_array)
                0x20000074                PROVIDE (__preinit_array_end, .)
                0x20000074                . = ALIGN (0x4)
                0x20000074                PROVIDE (__init_array_start, .)
 *(SORT_BY_NAME(.init_array.*))
 *(.init_array)
 .init_array    0x20000074        0x4 c:/siliconlabs/simplicitystudio/v4/developer/toolchains/gnu_arm/7.2_2017q4/bin/../lib/gcc/arm-none-eabi/7.2.1/thumb/v7e-m/fpv4-sp/softfp/crtbegin.o
                0x20000078                PROVIDE (__init_array_end, .)
                0x20000078                . = ALIGN (0x4)
                [!provide]                PROVIDE (__fini_array_start, .)
 *(SORT_BY_NAME(.fini_array.*))
 *(.fini_array)
 .fini_array    0x20000078        0x4 c:/siliconlabs/simplicitystudio/v4/developer/toolchains/gnu_arm/7.2_2017q4/bin/../lib/gcc/arm-none-eabi/7.2.1/thumb/v7e-m/fpv4-sp/softfp/crtbegin.o
                [!provide]                PROVIDE (__fini_array_end, .)
 *(.jcr*)
                0x2000007c                . = ALIGN (0x4)
                0x2000007c                __data_end__ = .

.igot.plt       0x2000007c        0x0 load address 0x00002a24
 .igot.plt      0x2000007c        0x0 c:/siliconlabs/simplicitystudio/v4/developer/toolchains/gnu_arm/7.2_2017q4/bin/../lib/gcc/arm-none-eabi/7.2.1/thumb/v7e-m/fpv4-sp/softfp/crtbegin.o

.bss            0x2000007c       0x28 load address 0x00002a24
                0x2000007c                . = ALIGN (0x4)
                0x2000007c                __bss_start__ = .
 *(.bss*)
 .bss           0x2000007c       0x1c c:/siliconlabs/simplicitystudio/v4/developer/toolchains/gnu_arm/7.2_2017q4/bin/../lib/gcc/arm-none-eabi/7.2.1/thumb/v7e-m/fpv4-sp/softfp/crtbegin.o
 .bss.dcdcMaxCurrent_mA
                0x20000098        0x2 ./emlib/em_emu.o
 .bss.dcdcEm01LoadCurrent_mA
                0x2000009a        0x2 ./emlib/em_emu.o
 .bss.dcdcReverseCurrentControl
                0x2000009c        0x2 ./emlib/em_emu.o
 *fill*         0x2000009e        0x2 
 .bss.vScaleEM01Config
                0x200000a0        0x1 ./emlib/em_emu.o
 *(COMMON)
                0x200000a4                . = ALIGN (0x4)
 *fill*         0x200000a1        0x3 
                0x200000a4                __bss_end__ = .

.heap           0x200000a8      0xc00
                0x200000a8                __HeapBase = .
                0x200000a8                __end__ = .
                0x200000a8                end = __end__
                0x200000a8                _end = __end__
 *(.heap*)
 .heap          0x200000a8      0xc00 ./CMSIS/EFM32PG12B/startup_gcc_efm32pg12b.o
                0x20000ca8                __HeapLimit = .

.stack_dummy    0x200000a8      0x400
 *(.stack*)
 .stack         0x200000a8      0x400 ./CMSIS/EFM32PG12B/startup_gcc_efm32pg12b.o
                0x20040000                __StackTop = (ORIGIN (RAM) + LENGTH (RAM))
                0x2003fc00                __StackLimit = (__StackTop - SIZEOF (.stack_dummy))
                0x20040000                PROVIDE (__stack, __StackTop)
                0x00000001                ASSERT ((__StackLimit >= __HeapLimit), region RAM overflowed with stack)
                0x00000001                ASSERT ((LENGTH (FLASH) >= (__etext + SIZEOF (.data))), FLASH memory overflowed !)
OUTPUT(Pearl_Blinky.axf elf32-littlearm)

.ARM.attributes
                0x00000000       0x2e
 .ARM.attributes
                0x00000000       0x22 c:/siliconlabs/simplicitystudio/v4/developer/toolchains/gnu_arm/7.2_2017q4/bin/../lib/gcc/arm-none-eabi/7.2.1/thumb/v7e-m/fpv4-sp/softfp/crti.o
 .ARM.attributes
                0x00000022       0x32 c:/siliconlabs/simplicitystudio/v4/developer/toolchains/gnu_arm/7.2_2017q4/bin/../lib/gcc/arm-none-eabi/7.2.1/thumb/v7e-m/fpv4-sp/softfp/crtbegin.o
 .ARM.attributes
                0x00000054       0x20 c:/siliconlabs/simplicitystudio/v4/developer/toolchains/gnu_arm/7.2_2017q4/bin/../lib/gcc/arm-none-eabi/7.2.1/../../../../arm-none-eabi/lib/thumb/v7e-m/fpv4-sp/softfp/crt0.o
 .ARM.attributes
                0x00000074       0x1f ./CMSIS/EFM32PG12B/startup_gcc_efm32pg12b.o
 .ARM.attributes
                0x00000093       0x37 ./CMSIS/EFM32PG12B/system_efm32pg12b.o
 .ARM.attributes
                0x000000ca       0x37 ./emlib/em_cmu.o
 .ARM.attributes
                0x00000101       0x37 ./emlib/em_emu.o
 .ARM.attributes
                0x00000138       0x37 ./emlib/em_gpio.o
 .ARM.attributes
                0x0000016f       0x37 ./src/cmu.o
 .ARM.attributes
                0x000001a6       0x37 ./src/gpio.o
 .ARM.attributes
                0x000001dd       0x37 ./src/main.o
 .ARM.attributes
                0x00000214       0x32 c:/siliconlabs/simplicitystudio/v4/developer/toolchains/gnu_arm/7.2_2017q4/bin/../lib/gcc/arm-none-eabi/7.2.1/../../../../arm-none-eabi/lib/thumb/v7e-m/fpv4-sp/softfp\libc_nano.a(lib_a-exit.o)
 .ARM.attributes
                0x00000246       0x32 c:/siliconlabs/simplicitystudio/v4/developer/toolchains/gnu_arm/7.2_2017q4/bin/../lib/gcc/arm-none-eabi/7.2.1/../../../../arm-none-eabi/lib/thumb/v7e-m/fpv4-sp/softfp\libc_nano.a(lib_a-impure.o)
 .ARM.attributes
                0x00000278       0x32 c:/siliconlabs/simplicitystudio/v4/developer/toolchains/gnu_arm/7.2_2017q4/bin/../lib/gcc/arm-none-eabi/7.2.1/../../../../arm-none-eabi/lib/thumb/v7e-m/fpv4-sp/softfp\libc_nano.a(lib_a-init.o)
 .ARM.attributes
                0x000002aa       0x32 c:/siliconlabs/simplicitystudio/v4/developer/toolchains/gnu_arm/7.2_2017q4/bin/../lib/gcc/arm-none-eabi/7.2.1/../../../../arm-none-eabi/lib/thumb/v7e-m/fpv4-sp/softfp\libc_nano.a(lib_a-memset.o)
 .ARM.attributes
                0x000002dc       0x32 c:/siliconlabs/simplicitystudio/v4/developer/toolchains/gnu_arm/7.2_2017q4/bin/../lib/gcc/arm-none-eabi/7.2.1/../../../../arm-none-eabi/lib/thumb/v7e-m/fpv4-sp/softfp\libnosys.a(_exit.o)
 .ARM.attributes
                0x0000030e       0x32 c:/siliconlabs/simplicitystudio/v4/developer/toolchains/gnu_arm/7.2_2017q4/bin/../lib/gcc/arm-none-eabi/7.2.1/thumb/v7e-m/fpv4-sp/softfp/crtend.o
 .ARM.attributes
                0x00000340       0x22 c:/siliconlabs/simplicitystudio/v4/developer/toolchains/gnu_arm/7.2_2017q4/bin/../lib/gcc/arm-none-eabi/7.2.1/thumb/v7e-m/fpv4-sp/softfp/crtn.o

.comment        0x00000000       0x7e
 .comment       0x00000000       0x7e ./CMSIS/EFM32PG12B/system_efm32pg12b.o
                                 0x7f (size before relaxing)
 .comment       0x0000007e       0x7f ./emlib/em_cmu.o
 .comment       0x0000007e       0x7f ./emlib/em_emu.o
 .comment       0x0000007e       0x7f ./emlib/em_gpio.o
 .comment       0x0000007e       0x7f ./src/cmu.o
 .comment       0x0000007e       0x7f ./src/gpio.o
 .comment       0x0000007e       0x7f ./src/main.o

.debug_line     0x00000000     0x568d
 .debug_line    0x00000000       0x78 ./CMSIS/EFM32PG12B/startup_gcc_efm32pg12b.o
 .debug_line    0x00000078      0x8a1 ./CMSIS/EFM32PG12B/system_efm32pg12b.o
 .debug_line    0x00000919     0x12c6 ./emlib/em_cmu.o
 .debug_line    0x00001bdf     0x12f7 ./emlib/em_emu.o
 .debug_line    0x00002ed6      0xb17 ./emlib/em_gpio.o
 .debug_line    0x000039ed      0x888 ./src/cmu.o
 .debug_line    0x00004275      0x874 ./src/gpio.o
 .debug_line    0x00004ae9      0xba4 ./src/main.o

.debug_info     0x00000000     0x76a6
 .debug_info    0x00000000       0x26 ./CMSIS/EFM32PG12B/startup_gcc_efm32pg12b.o
 .debug_info    0x00000026      0x8f6 ./CMSIS/EFM32PG12B/system_efm32pg12b.o
 .debug_info    0x0000091c     0x2409 ./emlib/em_cmu.o
 .debug_info    0x00002d25     0x2409 ./emlib/em_emu.o
 .debug_info    0x0000512e      0xa7a ./emlib/em_gpio.o
 .debug_info    0x00005ba8      0x3a5 ./src/cmu.o
 .debug_info    0x00005f4d      0x1be ./src/gpio.o
 .debug_info    0x0000610b     0x159b ./src/main.o

.debug_abbrev   0x00000000      0xda2
 .debug_abbrev  0x00000000       0x14 ./CMSIS/EFM32PG12B/startup_gcc_efm32pg12b.o
 .debug_abbrev  0x00000014      0x1b7 ./CMSIS/EFM32PG12B/system_efm32pg12b.o
 .debug_abbrev  0x000001cb      0x31e ./emlib/em_cmu.o
 .debug_abbrev  0x000004e9      0x32e ./emlib/em_emu.o
 .debug_abbrev  0x00000817      0x220 ./emlib/em_gpio.o
 .debug_abbrev  0x00000a37       0xad ./src/cmu.o
 .debug_abbrev  0x00000ae4       0xa0 ./src/gpio.o
 .debug_abbrev  0x00000b84      0x21e ./src/main.o

.debug_aranges  0x00000000      0x500
 .debug_aranges
                0x00000000       0x20 ./CMSIS/EFM32PG12B/startup_gcc_efm32pg12b.o
 .debug_aranges
                0x00000020       0x68 ./CMSIS/EFM32PG12B/system_efm32pg12b.o
 .debug_aranges
                0x00000088      0x1b8 ./emlib/em_cmu.o
 .debug_aranges
                0x00000240      0x1a8 ./emlib/em_emu.o
 .debug_aranges
                0x000003e8       0x88 ./emlib/em_gpio.o
 .debug_aranges
                0x00000470       0x20 ./src/cmu.o
 .debug_aranges
                0x00000490       0x20 ./src/gpio.o
 .debug_aranges
                0x000004b0       0x50 ./src/main.o

.debug_str      0x00000000   0x1559f6
 .debug_str     0x00000000       0x77 ./CMSIS/EFM32PG12B/startup_gcc_efm32pg12b.o
 .debug_str     0x00000077   0x14e3e0 ./CMSIS/EFM32PG12B/system_efm32pg12b.o
                             0x14f2f2 (size before relaxing)
 .debug_str     0x0014e457     0x4e61 ./emlib/em_cmu.o
                             0x1540c0 (size before relaxing)
 .debug_str     0x001532b8     0x1159 ./emlib/em_emu.o
                             0x1542c8 (size before relaxing)
 .debug_str     0x00154411      0x49a ./emlib/em_gpio.o
                             0x14fd2d (size before relaxing)
 .debug_str     0x001548ab       0x20 ./src/cmu.o
                             0x150805 (size before relaxing)
 .debug_str     0x001548cb       0x80 ./src/gpio.o
                             0x14f8ce (size before relaxing)
 .debug_str     0x0015494b     0x10ab ./src/main.o
                             0x15274a (size before relaxing)

.debug_loc      0x00000000     0x2968
 .debug_loc     0x00000000      0x2e4 ./CMSIS/EFM32PG12B/system_efm32pg12b.o
 .debug_loc     0x000002e4     0x104c ./emlib/em_cmu.o
 .debug_loc     0x00001330      0xf06 ./emlib/em_emu.o
 .debug_loc     0x00002236      0x4b4 ./emlib/em_gpio.o
 .debug_loc     0x000026ea       0x2c ./src/cmu.o
 .debug_loc     0x00002716       0x2c ./src/gpio.o
 .debug_loc     0x00002742      0x226 ./src/main.o

.debug_ranges   0x00000000      0x470
 .debug_ranges  0x00000000       0x58 ./CMSIS/EFM32PG12B/system_efm32pg12b.o
 .debug_ranges  0x00000058      0x1a8 ./emlib/em_cmu.o
 .debug_ranges  0x00000200      0x198 ./emlib/em_emu.o
 .debug_ranges  0x00000398       0x78 ./emlib/em_gpio.o
 .debug_ranges  0x00000410       0x10 ./src/cmu.o
 .debug_ranges  0x00000420       0x10 ./src/gpio.o
 .debug_ranges  0x00000430       0x40 ./src/main.o

.debug_macro    0x00000000     0x2448
 .debug_macro   0x00000000      0x282 ./CMSIS/EFM32PG12B/system_efm32pg12b.o
 .debug_macro   0x00000282      0x3a5 ./emlib/em_cmu.o
 .debug_macro   0x00000627       0x58 ./emlib/em_cmu.o
 .debug_macro   0x0000067f      0x34d ./emlib/em_cmu.o
 .debug_macro   0x000009cc       0x25 ./emlib/em_cmu.o
 .debug_macro   0x000009f1       0xee ./emlib/em_cmu.o
 .debug_macro   0x00000adf       0x80 ./emlib/em_cmu.o
 .debug_macro   0x00000b5f      0x391 ./emlib/em_emu.o
 .debug_macro   0x00000ef0       0x52 ./emlib/em_emu.o
 .debug_macro   0x00000f42       0x55 ./emlib/em_emu.o
 .debug_macro   0x00000f97      0x353 ./emlib/em_emu.o
 .debug_macro   0x000012ea       0xd9 ./emlib/em_emu.o
 .debug_macro   0x000013c3       0x7a ./emlib/em_emu.o
 .debug_macro   0x0000143d      0x295 ./emlib/em_gpio.o
 .debug_macro   0x000016d2      0x29a ./src/cmu.o
 .debug_macro   0x0000196c      0x296 ./src/gpio.o
 .debug_macro   0x00001c02       0x28 ./src/gpio.o
 .debug_macro   0x00001c2a      0x320 ./src/main.o
 .debug_macro   0x00001f4a      0x344 ./src/main.o
 .debug_macro   0x0000228e      0x1ba ./src/main.o

.debug_frame    0x00000000     0x1414
 .debug_frame   0x00000000      0x164 ./CMSIS/EFM32PG12B/system_efm32pg12b.o
 .debug_frame   0x00000164      0x780 ./emlib/em_cmu.o
 .debug_frame   0x000008e4      0x710 ./emlib/em_emu.o
 .debug_frame   0x00000ff4      0x224 ./emlib/em_gpio.o
 .debug_frame   0x00001218       0x2c ./src/cmu.o
 .debug_frame   0x00001244       0x2c ./src/gpio.o
 .debug_frame   0x00001270      0x110 ./src/main.o
 .debug_frame   0x00001380       0x28 c:/siliconlabs/simplicitystudio/v4/developer/toolchains/gnu_arm/7.2_2017q4/bin/../lib/gcc/arm-none-eabi/7.2.1/../../../../arm-none-eabi/lib/thumb/v7e-m/fpv4-sp/softfp\libc_nano.a(lib_a-exit.o)
 .debug_frame   0x000013a8       0x2c c:/siliconlabs/simplicitystudio/v4/developer/toolchains/gnu_arm/7.2_2017q4/bin/../lib/gcc/arm-none-eabi/7.2.1/../../../../arm-none-eabi/lib/thumb/v7e-m/fpv4-sp/softfp\libc_nano.a(lib_a-init.o)
 .debug_frame   0x000013d4       0x20 c:/siliconlabs/simplicitystudio/v4/developer/toolchains/gnu_arm/7.2_2017q4/bin/../lib/gcc/arm-none-eabi/7.2.1/../../../../arm-none-eabi/lib/thumb/v7e-m/fpv4-sp/softfp\libc_nano.a(lib_a-memset.o)
 .debug_frame   0x000013f4       0x20 c:/siliconlabs/simplicitystudio/v4/developer/toolchains/gnu_arm/7.2_2017q4/bin/../lib/gcc/arm-none-eabi/7.2.1/../../../../arm-none-eabi/lib/thumb/v7e-m/fpv4-sp/softfp\libnosys.a(_exit.o)
