Archive member included because of file (symbol)

c:/siliconlabs/simplicitystudio/v4/developer/toolchains/gnu_arm/4.9_2015q3/bin/../lib/gcc/arm-none-eabi/4.9.3/armv7e-m/softfp\libgcc.a(_aeabi_uldivmod.o)
                              ./emlib/em_usart.o (__aeabi_uldivmod)
c:/siliconlabs/simplicitystudio/v4/developer/toolchains/gnu_arm/4.9_2015q3/bin/../lib/gcc/arm-none-eabi/4.9.3/armv7e-m/softfp\libgcc.a(bpabi.o)
                              c:/siliconlabs/simplicitystudio/v4/developer/toolchains/gnu_arm/4.9_2015q3/bin/../lib/gcc/arm-none-eabi/4.9.3/armv7e-m/softfp\libgcc.a(_aeabi_uldivmod.o) (__gnu_uldivmod_helper)
c:/siliconlabs/simplicitystudio/v4/developer/toolchains/gnu_arm/4.9_2015q3/bin/../lib/gcc/arm-none-eabi/4.9.3/armv7e-m/softfp\libgcc.a(_dvmd_tls.o)
                              c:/siliconlabs/simplicitystudio/v4/developer/toolchains/gnu_arm/4.9_2015q3/bin/../lib/gcc/arm-none-eabi/4.9.3/armv7e-m/softfp\libgcc.a(_aeabi_uldivmod.o) (__aeabi_ldiv0)
c:/siliconlabs/simplicitystudio/v4/developer/toolchains/gnu_arm/4.9_2015q3/bin/../lib/gcc/arm-none-eabi/4.9.3/armv7e-m/softfp\libgcc.a(_divdi3.o)
                              c:/siliconlabs/simplicitystudio/v4/developer/toolchains/gnu_arm/4.9_2015q3/bin/../lib/gcc/arm-none-eabi/4.9.3/armv7e-m/softfp\libgcc.a(bpabi.o) (__divdi3)
c:/siliconlabs/simplicitystudio/v4/developer/toolchains/gnu_arm/4.9_2015q3/bin/../lib/gcc/arm-none-eabi/4.9.3/armv7e-m/softfp\libgcc.a(_udivdi3.o)
                              c:/siliconlabs/simplicitystudio/v4/developer/toolchains/gnu_arm/4.9_2015q3/bin/../lib/gcc/arm-none-eabi/4.9.3/armv7e-m/softfp\libgcc.a(bpabi.o) (__udivdi3)
c:/siliconlabs/simplicitystudio/v4/developer/toolchains/gnu_arm/4.9_2015q3/bin/../lib/gcc/arm-none-eabi/4.9.3/../../../../arm-none-eabi/lib/armv7e-m/softfp\libc_nano.a(lib_a-exit.o)
                              c:/siliconlabs/simplicitystudio/v4/developer/toolchains/gnu_arm/4.9_2015q3/bin/../lib/gcc/arm-none-eabi/4.9.3/../../../../arm-none-eabi/lib/armv7e-m/softfp/crt0.o (exit)
c:/siliconlabs/simplicitystudio/v4/developer/toolchains/gnu_arm/4.9_2015q3/bin/../lib/gcc/arm-none-eabi/4.9.3/../../../../arm-none-eabi/lib/armv7e-m/softfp\libc_nano.a(lib_a-impure.o)
                              c:/siliconlabs/simplicitystudio/v4/developer/toolchains/gnu_arm/4.9_2015q3/bin/../lib/gcc/arm-none-eabi/4.9.3/../../../../arm-none-eabi/lib/armv7e-m/softfp\libc_nano.a(lib_a-exit.o) (_global_impure_ptr)
c:/siliconlabs/simplicitystudio/v4/developer/toolchains/gnu_arm/4.9_2015q3/bin/../lib/gcc/arm-none-eabi/4.9.3/../../../../arm-none-eabi/lib/armv7e-m/softfp\libc_nano.a(lib_a-init.o)
                              c:/siliconlabs/simplicitystudio/v4/developer/toolchains/gnu_arm/4.9_2015q3/bin/../lib/gcc/arm-none-eabi/4.9.3/../../../../arm-none-eabi/lib/armv7e-m/softfp/crt0.o (__libc_init_array)
c:/siliconlabs/simplicitystudio/v4/developer/toolchains/gnu_arm/4.9_2015q3/bin/../lib/gcc/arm-none-eabi/4.9.3/../../../../arm-none-eabi/lib/armv7e-m/softfp\libc_nano.a(lib_a-memcpy.o)
                              ./emlib/em_crypto.o (memcpy)
c:/siliconlabs/simplicitystudio/v4/developer/toolchains/gnu_arm/4.9_2015q3/bin/../lib/gcc/arm-none-eabi/4.9.3/../../../../arm-none-eabi/lib/armv7e-m/softfp\libc_nano.a(lib_a-memset.o)
                              c:/siliconlabs/simplicitystudio/v4/developer/toolchains/gnu_arm/4.9_2015q3/bin/../lib/gcc/arm-none-eabi/4.9.3/../../../../arm-none-eabi/lib/armv7e-m/softfp/crt0.o (memset)
c:/siliconlabs/simplicitystudio/v4/developer/toolchains/gnu_arm/4.9_2015q3/bin/../lib/gcc/arm-none-eabi/4.9.3/../../../../arm-none-eabi/lib/armv7e-m/softfp\libnosys.a(_exit.o)
                              c:/siliconlabs/simplicitystudio/v4/developer/toolchains/gnu_arm/4.9_2015q3/bin/../lib/gcc/arm-none-eabi/4.9.3/../../../../arm-none-eabi/lib/armv7e-m/softfp\libc_nano.a(lib_a-exit.o) (_exit)

Discarded input sections

 .text          0x00000000        0x0 c:/siliconlabs/simplicitystudio/v4/developer/toolchains/gnu_arm/4.9_2015q3/bin/../lib/gcc/arm-none-eabi/4.9.3/armv7e-m/softfp/crti.o
 .data          0x00000000        0x0 c:/siliconlabs/simplicitystudio/v4/developer/toolchains/gnu_arm/4.9_2015q3/bin/../lib/gcc/arm-none-eabi/4.9.3/armv7e-m/softfp/crti.o
 .bss           0x00000000        0x0 c:/siliconlabs/simplicitystudio/v4/developer/toolchains/gnu_arm/4.9_2015q3/bin/../lib/gcc/arm-none-eabi/4.9.3/armv7e-m/softfp/crti.o
 .data          0x00000000        0x4 c:/siliconlabs/simplicitystudio/v4/developer/toolchains/gnu_arm/4.9_2015q3/bin/../lib/gcc/arm-none-eabi/4.9.3/armv7e-m/softfp/crtbegin.o
 .data          0x00000000        0x0 c:/siliconlabs/simplicitystudio/v4/developer/toolchains/gnu_arm/4.9_2015q3/bin/../lib/gcc/arm-none-eabi/4.9.3/../../../../arm-none-eabi/lib/armv7e-m/softfp/crt0.o
 .bss           0x00000000        0x0 c:/siliconlabs/simplicitystudio/v4/developer/toolchains/gnu_arm/4.9_2015q3/bin/../lib/gcc/arm-none-eabi/4.9.3/../../../../arm-none-eabi/lib/armv7e-m/softfp/crt0.o
[...]
Memory Configuration

Name             Origin             Length             Attributes
FLASH            0x00000000         0x00100000         xr
RAM              0x20000000         0x00040000         xrw
*default*        0x00000000         0xffffffff

Linker script and memory map

LOAD c:/siliconlabs/simplicitystudio/v4/developer/toolchains/gnu_arm/4.9_2015q3/bin/../lib/gcc/arm-none-eabi/4.9.3/armv7e-m/softfp/crti.o
LOAD c:/siliconlabs/simplicitystudio/v4/developer/toolchains/gnu_arm/4.9_2015q3/bin/../lib/gcc/arm-none-eabi/4.9.3/armv7e-m/softfp/crtbegin.o
LOAD c:/siliconlabs/simplicitystudio/v4/developer/toolchains/gnu_arm/4.9_2015q3/bin/../lib/gcc/arm-none-eabi/4.9.3/../../../../arm-none-eabi/lib/armv7e-m/softfp/crt0.o
LOAD ./BSP/bsp_stk_leds.o
LOAD ./CMSIS/EFM32PG12B/startup_gcc_efm32pg12b.o
LOAD ./CMSIS/EFM32PG12B/system_efm32pg12b.o
LOAD ./emlib/em_acmp.o
LOAD ./emlib/em_adc.o
LOAD ./emlib/em_aes.o
LOAD ./emlib/em_assert.o
LOAD ./emlib/em_burtc.o
LOAD ./emlib/em_can.o
LOAD ./emlib/em_cmu.o
LOAD ./emlib/em_core.o
LOAD ./emlib/em_cryotimer.o
LOAD ./emlib/em_crypto.o
LOAD ./emlib/em_csen.o
LOAD ./emlib/em_dac.o
LOAD ./emlib/em_dbg.o
LOAD ./emlib/em_dma.o
LOAD ./emlib/em_ebi.o
LOAD ./emlib/em_emu.o
LOAD ./emlib/em_gpcrc.o
LOAD ./emlib/em_gpio.o
LOAD ./emlib/em_i2c.o
LOAD ./emlib/em_iadc.o
LOAD ./emlib/em_idac.o
LOAD ./emlib/em_int.o
LOAD ./emlib/em_lcd.o
LOAD ./emlib/em_ldma.o
LOAD ./emlib/em_lesense.o
LOAD ./emlib/em_letimer.o
LOAD ./emlib/em_leuart.o
LOAD ./emlib/em_mpu.o
LOAD ./emlib/em_msc.o
LOAD ./emlib/em_opamp.o
LOAD ./emlib/em_pcnt.o
LOAD ./emlib/em_pdm.o
LOAD ./emlib/em_prs.o
LOAD ./emlib/em_qspi.o
LOAD ./emlib/em_rmu.o
LOAD ./emlib/em_rtc.o
LOAD ./emlib/em_rtcc.o
LOAD ./emlib/em_se.o
LOAD ./emlib/em_system.o
LOAD ./emlib/em_timer.o
LOAD ./emlib/em_usart.o
LOAD ./emlib/em_vcmp.o
LOAD ./emlib/em_vdac.o
LOAD ./emlib/em_wdog.o
LOAD ./src/cmu.o
LOAD ./src/gpio.o
LOAD ./src/main.o
LOAD ./src/timer.o
START GROUP
LOAD c:/siliconlabs/simplicitystudio/v4/developer/toolchains/gnu_arm/4.9_2015q3/bin/../lib/gcc/arm-none-eabi/4.9.3/armv7e-m/softfp\libgcc.a
LOAD c:/siliconlabs/simplicitystudio/v4/developer/toolchains/gnu_arm/4.9_2015q3/bin/../lib/gcc/arm-none-eabi/4.9.3/../../../../arm-none-eabi/lib/armv7e-m/softfp\libc_nano.a
LOAD c:/siliconlabs/simplicitystudio/v4/developer/toolchains/gnu_arm/4.9_2015q3/bin/../lib/gcc/arm-none-eabi/4.9.3/../../../../arm-none-eabi/lib/armv7e-m/softfp\libnosys.a
END GROUP
START GROUP
LOAD c:/siliconlabs/simplicitystudio/v4/developer/toolchains/gnu_arm/4.9_2015q3/bin/../lib/gcc/arm-none-eabi/4.9.3/armv7e-m/softfp\libgcc.a
LOAD c:/siliconlabs/simplicitystudio/v4/developer/toolchains/gnu_arm/4.9_2015q3/bin/../lib/gcc/arm-none-eabi/4.9.3/../../../../arm-none-eabi/lib/armv7e-m/softfp\libg_nano.a
LOAD c:/siliconlabs/simplicitystudio/v4/developer/toolchains/gnu_arm/4.9_2015q3/bin/../lib/gcc/arm-none-eabi/4.9.3/../../../../arm-none-eabi/lib/armv7e-m/softfp\libc_nano.a
END GROUP
START GROUP
LOAD c:/siliconlabs/simplicitystudio/v4/developer/toolchains/gnu_arm/4.9_2015q3/bin/../lib/gcc/arm-none-eabi/4.9.3/armv7e-m/softfp\libgcc.a
LOAD c:/siliconlabs/simplicitystudio/v4/developer/toolchains/gnu_arm/4.9_2015q3/bin/../lib/gcc/arm-none-eabi/4.9.3/../../../../arm-none-eabi/lib/armv7e-m/softfp\libc_nano.a
END GROUP
LOAD c:/siliconlabs/simplicitystudio/v4/developer/toolchains/gnu_arm/4.9_2015q3/bin/../lib/gcc/arm-none-eabi/4.9.3/armv7e-m/softfp/crtend.o
LOAD c:/siliconlabs/simplicitystudio/v4/developer/toolchains/gnu_arm/4.9_2015q3/bin/../lib/gcc/arm-none-eabi/4.9.3/armv7e-m/softfp/crtn.o

.text           0x00000000     0x292c
 *(.vectors)
 .vectors       0x00000000      0x10c ./CMSIS/EFM32PG12B/startup_gcc_efm32pg12b.o
                0x00000000                __Vectors
                0x0000010c                __Vectors_End = .
                0x0000010c                __Vectors_Size = (__Vectors_End - __Vectors)
                0x0000010c                __end__ = .
 *(.text*)
 .text          0x0000010c       0x5c c:/siliconlabs/simplicitystudio/v4/developer/toolchains/gnu_arm/4.9_2015q3/bin/../lib/gcc/arm-none-eabi/4.9.3/armv7e-m/softfp/crtbegin.o
 .text          0x00000168       0x74 c:/siliconlabs/simplicitystudio/v4/developer/toolchains/gnu_arm/4.9_2015q3/bin/../lib/gcc/arm-none-eabi/4.9.3/../../../../arm-none-eabi/lib/armv7e-m/softfp/crt0.o
                0x00000168                _start
                0x00000168                _mainCRTStartup
 .text          0x000001dc       0x30 ./CMSIS/EFM32PG12B/startup_gcc_efm32pg12b.o
                0x000001dc                Reset_Handler
                0x00000208                USART0_TX_IRQHandler
                0x00000208                I2C0_IRQHandler
                0x00000208                HardFault_Handler
                0x00000208                SysTick_Handler
                0x00000208                USART1_RX_IRQHandler
                0x00000208                PendSV_Handler
                0x00000208                NMI_Handler
                0x00000208                I2C1_IRQHandler
                0x00000208                WTIMER0_IRQHandler
                0x00000208                CRYPTO0_IRQHandler
                0x00000208                WDOG0_IRQHandler
                0x00000208                USART1_TX_IRQHandler
                0x00000208                SMU_IRQHandler
                0x00000208                MSC_IRQHandler
                0x00000208                ADC0_IRQHandler
                0x00000208                UsageFault_Handler
                0x00000208                WDOG1_IRQHandler
                0x00000208                LEUART0_IRQHandler
                0x00000208                FPUEH_IRQHandler
                0x00000208                WTIMER1_IRQHandler
                0x00000208                GPIO_EVEN_IRQHandler
                0x00000208                VDAC0_IRQHandler
                0x00000208                LDMA_IRQHandler
                0x00000208                CSEN_IRQHandler
                0x00000208                CRYPTO1_IRQHandler
                0x00000208                TIMER0_IRQHandler
                0x00000208                DebugMon_Handler
                0x00000208                PCNT2_IRQHandler
                0x00000208                TIMER1_IRQHandler
                0x00000208                TRNG0_IRQHandler
                0x00000208                USART2_RX_IRQHandler
                0x00000208                Default_Handler
                0x00000208                EMU_IRQHandler
                0x00000208                CRYOTIMER_IRQHandler
                0x00000208                PCNT0_IRQHandler
                0x00000208                PCNT1_IRQHandler
                0x00000208                ACMP0_IRQHandler
                0x00000208                USART0_RX_IRQHandler
                0x00000208                MemManage_Handler
                0x00000208                SVC_Handler
                0x00000208                USART3_RX_IRQHandler
                0x00000208                RTCC_IRQHandler
                0x00000208                CMU_IRQHandler
                0x00000208                LESENSE_IRQHandler
                0x00000208                GPIO_ODD_IRQHandler
                0x00000208                USART3_TX_IRQHandler
                0x00000208                BusFault_Handler
                0x00000208                USART2_TX_IRQHandler
                0x00000208                IDAC0_IRQHandler
 .text.SystemCoreClockGet
                0x0000020c       0x44 ./CMSIS/EFM32PG12B/system_efm32pg12b.o
                0x0000020c                SystemCoreClockGet
 .text.SystemMaxCoreClockGet
                0x00000250       0x14 ./CMSIS/EFM32PG12B/system_efm32pg12b.o
                0x00000250                SystemMaxCoreClockGet
 .text.SystemHFClockGet
                0x00000264       0x70 ./CMSIS/EFM32PG12B/system_efm32pg12b.o
                0x00000264                SystemHFClockGet
 .text.SystemHFXOClockGet
                0x000002d4       0x18 ./CMSIS/EFM32PG12B/system_efm32pg12b.o
                0x000002d4                SystemHFXOClockGet
 .text.SystemInit
                0x000002ec       0x2c ./CMSIS/EFM32PG12B/system_efm32pg12b.o
                0x000002ec                SystemInit
 .text.SystemLFRCOClockGet
                0x00000318       0x14 ./CMSIS/EFM32PG12B/system_efm32pg12b.o
                0x00000318                SystemLFRCOClockGet
 .text.SystemULFRCOClockGet
                0x0000032c       0x14 ./CMSIS/EFM32PG12B/system_efm32pg12b.o
                0x0000032c                SystemULFRCOClockGet
 .text.SystemLFXOClockGet
                0x00000340       0x18 ./CMSIS/EFM32PG12B/system_efm32pg12b.o
                0x00000340                SystemLFXOClockGet
 .text.BUS_RegBitWrite
                0x00000358       0x2c ./emlib/em_cmu.o
 .text.BUS_RegBitRead
                0x00000384       0x2c ./emlib/em_cmu.o
 .text.CMU_Log2ToDiv
                0x000003b0       0x1c ./emlib/em_cmu.o
 .text.EMU_VScaleWait
                0x000003cc       0x1c ./emlib/em_cmu.o
 .text.EMU_VScaleGet
                0x000003e8       0x1c ./emlib/em_cmu.o
 .text.setHfLeConfig
                0x00000404       0x64 ./emlib/em_cmu.o
 .text.auxClkGet
                0x00000468       0x20 ./emlib/em_cmu.o
 .text.hfSrcClkGet
                0x00000488       0x2c ./emlib/em_cmu.o
 .text.dbgClkGet
                0x000004b4       0x40 ./emlib/em_cmu.o
 .text.adcAsyncClkGet
                0x000004f4       0x80 ./emlib/em_cmu.o
 .text.flashWaitStateControl
                0x00000574       0x88 ./emlib/em_cmu.o
 .text.flashWaitStateMax
                0x000005fc       0x40 ./emlib/em_cmu.o
 .text.CMU_UpdateWaitStates
                0x0000063c       0x40 ./emlib/em_cmu.o
                0x0000063c                CMU_UpdateWaitStates
 .text.getRegIshUpperVal
                0x0000067c       0x38 ./emlib/em_cmu.o
 .text.getHfxoTuningMode
                0x000006b4       0x1c ./emlib/em_cmu.o
 .text.setHfxoTuningMode
                0x000006d0       0x28 ./emlib/em_cmu.o
 .text.lfClkGet
                0x000006f8       0xf4 ./emlib/em_cmu.o
 .text.syncReg  0x000007ec       0x38 ./emlib/em_cmu.o
 .text.hfperClkSafePrescaler
                0x00000824        0xc ./emlib/em_cmu.o
 .text.hfperClkOptimizedPrescaler
                0x00000830        0xc ./emlib/em_cmu.o
 .text.CMU_ClockEnable
                0x0000083c       0xcc ./emlib/em_cmu.o
                0x0000083c                CMU_ClockEnable
 .text.CMU_ClockFreqGet
                0x00000908      0x210 ./emlib/em_cmu.o
                0x00000908                CMU_ClockFreqGet
 .text.CMU_ClockSelectGet
                0x00000b18      0x1c0 ./emlib/em_cmu.o
                0x00000b18                CMU_ClockSelectGet
 .text.CMU_ClockSelectSet
                0x00000cd8      0x2f0 ./emlib/em_cmu.o
                0x00000cd8                CMU_ClockSelectSet
 .text.CMU_HFRCOBandGet
                0x00000fc8       0x18 ./emlib/em_cmu.o
                0x00000fc8                CMU_HFRCOBandGet
 .text.CMU_HFXOInit
                0x00000fe0       0xe4 ./emlib/em_cmu.o
                0x00000fe0                CMU_HFXOInit
 .text.CMU_OscillatorEnable
                0x000010c4      0x1a0 ./emlib/em_cmu.o
                0x000010c4                CMU_OscillatorEnable
 .text.CMU_OscillatorTuningGet
                0x00001264       0x74 ./emlib/em_cmu.o
                0x00001264                CMU_OscillatorTuningGet
 .text.CMU_OscillatorTuningSet
                0x000012d8      0x100 ./emlib/em_cmu.o
                0x000012d8                CMU_OscillatorTuningSet
 .text.CMU_OscillatorTuningWait
                0x000013d8       0x94 ./emlib/em_cmu.o
                0x000013d8                CMU_OscillatorTuningWait
 .text.CMU_OscillatorTuningOptimize
                0x0000146c       0x58 ./emlib/em_cmu.o
                0x0000146c                CMU_OscillatorTuningOptimize
 .text.BUS_RegBitWrite
                0x000014c4       0x2c ./emlib/em_emu.o
 .text.BUS_RegBitRead
                0x000014f0       0x2c ./emlib/em_emu.o
 .text.EMU_VScaleWait
                0x0000151c       0x1c ./emlib/em_emu.o
 .text.EMU_VScaleGet
                0x00001538       0x1c ./emlib/em_emu.o
 .text.EMU_IntClear
                0x00001554       0x1c ./emlib/em_emu.o
 .text.EMU_IntGet
                0x00001570       0x18 ./emlib/em_emu.o
 .text.vScaleEM01Cmd
                0x00001588       0x24 ./emlib/em_emu.o
 .text.EMU_VScaleEM01ByClock
                0x000015ac       0x70 ./emlib/em_emu.o
                0x000015ac                EMU_VScaleEM01ByClock
 .text.EMU_VScaleEM01
                0x0000161c       0x84 ./emlib/em_emu.o
                0x0000161c                EMU_VScaleEM01
 .text.dcdcConstCalibrationLoad
                0x000016a0       0x10 ./emlib/em_emu.o
 .text.dcdcValidatedConfigSet
                0x000016b0       0x40 ./emlib/em_emu.o
 .text.currentLimitersUpdate
                0x000016f0       0xe4 ./emlib/em_emu.o
 .text.userCurrentLimitsSet
                0x000017d4       0x2c ./emlib/em_emu.o
 .text.compCtrlSet
                0x00001800       0x3c ./emlib/em_emu.o
 .text.lpCmpHystCalibrationLoad
                0x0000183c       0xd4 ./emlib/em_emu.o
 .text.lpGetDevinfoVrefLowHigh
                0x00001910      0x164 ./emlib/em_emu.o
 .text.EMU_DCDCModeSet
                0x00001a74       0xf0 ./emlib/em_emu.o
                0x00001a74                EMU_DCDCModeSet
 .text.EMU_DCDCInit
                0x00001b64      0x138 ./emlib/em_emu.o
                0x00001b64                EMU_DCDCInit
 .text.EMU_DCDCOutputVoltageSet
                0x00001c9c      0x2cc ./emlib/em_emu.o
                0x00001c9c                EMU_DCDCOutputVoltageSet
 .text.EMU_DCDCOptimizeSlice
                0x00001f68       0xd8 ./emlib/em_emu.o
                0x00001f68                EMU_DCDCOptimizeSlice
 .text.EMU_DCDCLnRcoBandSet
                0x00002040       0x54 ./emlib/em_emu.o
                0x00002040                EMU_DCDCLnRcoBandSet
 .text.BUS_RegMaskedSet
                0x00002094       0x24 ./emlib/em_gpio.o
 .text.BUS_RegMaskedClear
                0x000020b8       0x24 ./emlib/em_gpio.o
 .text.BUS_RegMaskedWrite
                0x000020dc       0x24 ./emlib/em_gpio.o
 .text.GPIO_PinOutClear
                0x00002100       0x78 ./emlib/em_gpio.o
 .text.GPIO_PinOutSet
                0x00002178       0x78 ./emlib/em_gpio.o
 .text.GPIO_DriveStrengthSet
                0x000021f0       0x80 ./emlib/em_gpio.o
                0x000021f0                GPIO_DriveStrengthSet
 .text.GPIO_PinModeSet
                0x00002270      0x12c ./emlib/em_gpio.o
                0x00002270                GPIO_PinModeSet
 .text.cmu_init
                0x0000239c       0x64 ./src/cmu.o
                0x0000239c                cmu_init
 .text.gpio_init
                0x00002400       0x34 ./src/gpio.o
                0x00002400                gpio_init
 .text.SYSTEM_GetProdRev
                0x00002434       0x1c ./src/main.o
 .text.BUS_RegMaskedSet
                0x00002450       0x24 ./src/main.o
 .text.BUS_RegMaskedClear
                0x00002474       0x24 ./src/main.o
 .text.GPIO_PinOutClear
                0x00002498       0x78 ./src/main.o
 .text.GPIO_PinOutSet
                0x00002510       0x78 ./src/main.o
 .text.CHIP_Init
                0x00002588       0x70 ./src/main.o
 .text.main     0x000025f8       0xc0 ./src/main.o
                0x000025f8                main
 .text.BUS_RegMaskedSet
                0x000026b8       0x24 ./src/timer.o
 .text.BUS_RegMaskedClear
                0x000026dc       0x24 ./src/timer.o
 .text.GPIO_PinOutClear
                0x00002700       0x78 ./src/timer.o
 .text.GPIO_PinOutSet
                0x00002778       0x78 ./src/timer.o
 .text.LETIMER0_IRQHandler
                0x000027f0       0x48 ./src/timer.o
                0x000027f0                LETIMER0_IRQHandler
 .text.exit     0x00002838       0x28 c:/siliconlabs/simplicitystudio/v4/developer/toolchains/gnu_arm/4.9_2015q3/bin/../lib/gcc/arm-none-eabi/4.9.3/../../../../arm-none-eabi/lib/armv7e-m/softfp\libc_nano.a(lib_a-exit.o)
                0x00002838                exit
 .text.__libc_init_array
                0x00002860       0x4c c:/siliconlabs/simplicitystudio/v4/developer/toolchains/gnu_arm/4.9_2015q3/bin/../lib/gcc/arm-none-eabi/4.9.3/../../../../arm-none-eabi/lib/armv7e-m/softfp\libc_nano.a(lib_a-init.o)
                0x00002860                __libc_init_array
 .text.memset   0x000028ac       0x10 c:/siliconlabs/simplicitystudio/v4/developer/toolchains/gnu_arm/4.9_2015q3/bin/../lib/gcc/arm-none-eabi/4.9.3/../../../../arm-none-eabi/lib/armv7e-m/softfp\libc_nano.a(lib_a-memset.o)
                0x000028ac                memset
 .text._exit    0x000028bc        0x4 c:/siliconlabs/simplicitystudio/v4/developer/toolchains/gnu_arm/4.9_2015q3/bin/../lib/gcc/arm-none-eabi/4.9.3/../../../../arm-none-eabi/lib/armv7e-m/softfp\libnosys.a(_exit.o)
                0x000028bc                _exit
 *(.init)
 .init          0x000028c0        0x4 c:/siliconlabs/simplicitystudio/v4/developer/toolchains/gnu_arm/4.9_2015q3/bin/../lib/gcc/arm-none-eabi/4.9.3/armv7e-m/softfp/crti.o
                0x000028c0                _init
 .init          0x000028c4        0x8 c:/siliconlabs/simplicitystudio/v4/developer/toolchains/gnu_arm/4.9_2015q3/bin/../lib/gcc/arm-none-eabi/4.9.3/armv7e-m/softfp/crtn.o
 *(.fini)
 .fini          0x000028cc        0x4 c:/siliconlabs/simplicitystudio/v4/developer/toolchains/gnu_arm/4.9_2015q3/bin/../lib/gcc/arm-none-eabi/4.9.3/armv7e-m/softfp/crti.o
                0x000028cc                _fini
 .fini          0x000028d0        0x8 c:/siliconlabs/simplicitystudio/v4/developer/toolchains/gnu_arm/4.9_2015q3/bin/../lib/gcc/arm-none-eabi/4.9.3/armv7e-m/softfp/crtn.o
 *crtbegin.o(.ctors)
 *crtbegin?.o(.ctors)
 *(EXCLUDE_FILE(*crtend.o *crtend?.o) .ctors)
 *(SORT(.ctors.*))
 *(.ctors)
 *crtbegin.o(.dtors)
 *crtbegin?.o(.dtors)
 *(EXCLUDE_FILE(*crtend.o *crtend?.o) .dtors)
 *(SORT(.dtors.*))
 *(.dtors)
 *(.rodata*)
 .rodata.flashWsTable
                0x000028d8       0x28 ./emlib/em_cmu.o
 .rodata        0x00002900       0x22 ./src/main.o
 .rodata.str1.1
                0x00002922        0x2 c:/siliconlabs/simplicitystudio/v4/developer/toolchains/gnu_arm/4.9_2015q3/bin/../lib/gcc/arm-none-eabi/4.9.3/../../../../arm-none-eabi/lib/armv7e-m/softfp\libc_nano.a(lib_a-impure.o)
 .rodata._global_impure_ptr
                0x00002924        0x4 c:/siliconlabs/simplicitystudio/v4/developer/toolchains/gnu_arm/4.9_2015q3/bin/../lib/gcc/arm-none-eabi/4.9.3/../../../../arm-none-eabi/lib/armv7e-m/softfp\libc_nano.a(lib_a-impure.o)
                0x00002924                _global_impure_ptr
 *(.eh_frame*)
 .eh_frame      0x00002928        0x0 c:/siliconlabs/simplicitystudio/v4/developer/toolchains/gnu_arm/4.9_2015q3/bin/../lib/gcc/arm-none-eabi/4.9.3/armv7e-m/softfp/crtbegin.o
 .eh_frame      0x00002928        0x4 c:/siliconlabs/simplicitystudio/v4/developer/toolchains/gnu_arm/4.9_2015q3/bin/../lib/gcc/arm-none-eabi/4.9.3/armv7e-m/softfp/crtend.o

.glue_7         0x0000292c        0x0
 .glue_7        0x00000000        0x0 linker stubs

.glue_7t        0x0000292c        0x0
 .glue_7t       0x00000000        0x0 linker stubs

.vfp11_veneer   0x0000292c        0x0
 .vfp11_veneer  0x00000000        0x0 linker stubs

.v4_bx          0x0000292c        0x0
 .v4_bx         0x00000000        0x0 linker stubs

.iplt           0x0000292c        0x0
 .iplt          0x00000000        0x0 c:/siliconlabs/simplicitystudio/v4/developer/toolchains/gnu_arm/4.9_2015q3/bin/../lib/gcc/arm-none-eabi/4.9.3/armv7e-m/softfp/crtbegin.o

.ARM.extab
 *(.ARM.extab* .gnu.linkonce.armextab.*)
                0x0000292c                __exidx_start = .

.ARM.exidx      0x0000292c        0x8
 *(.ARM.exidx* .gnu.linkonce.armexidx.*)
 .ARM.exidx     0x0000292c        0x8 c:/siliconlabs/simplicitystudio/v4/developer/toolchains/gnu_arm/4.9_2015q3/bin/../lib/gcc/arm-none-eabi/4.9.3/../../../../arm-none-eabi/lib/armv7e-m/softfp/crt0.o
                0x00002934                __exidx_end = .
                0x00002934                __etext = .

.rel.dyn        0x00002934        0x0
 .rel.iplt      0x00000000        0x0 c:/siliconlabs/simplicitystudio/v4/developer/toolchains/gnu_arm/4.9_2015q3/bin/../lib/gcc/arm-none-eabi/4.9.3/armv7e-m/softfp/crtbegin.o

.data           0x20000000       0x80 load address 0x00002934
                0x20000000                __data_start__ = .
 *(vtable)
 *(.data*)
 .data.SystemHFXOClock
                0x20000000        0x4 ./CMSIS/EFM32PG12B/system_efm32pg12b.o
 .data.SystemLFXOClock
                0x20000004        0x4 ./CMSIS/EFM32PG12B/system_efm32pg12b.o
 .data.SystemCoreClock
                0x20000008        0x4 ./CMSIS/EFM32PG12B/system_efm32pg12b.o
                0x20000008                SystemCoreClock
 .data.SystemHfrcoFreq
                0x2000000c        0x4 ./CMSIS/EFM32PG12B/system_efm32pg12b.o
                0x2000000c                SystemHfrcoFreq
 .data.auxHfrcoFreq
                0x20000010        0x4 ./emlib/em_cmu.o
 .data.impure_data
                0x20000014       0x60 c:/siliconlabs/simplicitystudio/v4/developer/toolchains/gnu_arm/4.9_2015q3/bin/../lib/gcc/arm-none-eabi/4.9.3/../../../../arm-none-eabi/lib/armv7e-m/softfp\libc_nano.a(lib_a-impure.o)
                0x20000074                . = ALIGN (0x4)
 *(.ram)
                0x20000074                . = ALIGN (0x4)
                0x20000074                PROVIDE (__preinit_array_start, .)
 *(.preinit_array)
                0x20000074                PROVIDE (__preinit_array_end, .)
                0x20000074                . = ALIGN (0x4)
                0x20000074                PROVIDE (__init_array_start, .)
 *(SORT(.init_array.*))
 *(.init_array)
 .init_array    0x20000074        0x4 c:/siliconlabs/simplicitystudio/v4/developer/toolchains/gnu_arm/4.9_2015q3/bin/../lib/gcc/arm-none-eabi/4.9.3/armv7e-m/softfp/crtbegin.o
                0x20000078                PROVIDE (__init_array_end, .)
                0x20000078                . = ALIGN (0x4)
                0x20000078                PROVIDE (__fini_array_start, .)
 *(SORT(.fini_array.*))
 *(.fini_array)
 .fini_array    0x20000078        0x4 c:/siliconlabs/simplicitystudio/v4/developer/toolchains/gnu_arm/4.9_2015q3/bin/../lib/gcc/arm-none-eabi/4.9.3/armv7e-m/softfp/crtbegin.o
                0x2000007c                PROVIDE (__fini_array_end, .)
 *(.jcr*)
 .jcr           0x2000007c        0x0 c:/siliconlabs/simplicitystudio/v4/developer/toolchains/gnu_arm/4.9_2015q3/bin/../lib/gcc/arm-none-eabi/4.9.3/armv7e-m/softfp/crtbegin.o
 .jcr           0x2000007c        0x4 c:/siliconlabs/simplicitystudio/v4/developer/toolchains/gnu_arm/4.9_2015q3/bin/../lib/gcc/arm-none-eabi/4.9.3/armv7e-m/softfp/crtend.o
                0x20000080                . = ALIGN (0x4)
                0x20000080                __data_end__ = .

.igot.plt       0x20000080        0x0 load address 0x000029b4
 .igot.plt      0x00000000        0x0 c:/siliconlabs/simplicitystudio/v4/developer/toolchains/gnu_arm/4.9_2015q3/bin/../lib/gcc/arm-none-eabi/4.9.3/armv7e-m/softfp/crtbegin.o

.bss            0x20000080       0x28 load address 0x000029b4
                0x20000080                . = ALIGN (0x4)
                0x20000080                __bss_start__ = .
 *(.bss*)
 .bss           0x20000080       0x1c c:/siliconlabs/simplicitystudio/v4/developer/toolchains/gnu_arm/4.9_2015q3/bin/../lib/gcc/arm-none-eabi/4.9.3/armv7e-m/softfp/crtbegin.o
 .bss.dcdcMaxCurrent_mA
                0x2000009c        0x2 ./emlib/em_emu.o
 .bss.dcdcEm01LoadCurrent_mA
                0x2000009e        0x2 ./emlib/em_emu.o
 .bss.dcdcReverseCurrentControl
                0x200000a0        0x2 ./emlib/em_emu.o
 *fill*         0x200000a2        0x2 
 .bss.vScaleEM01Config
                0x200000a4        0x1 ./emlib/em_emu.o
 *(COMMON)
                0x200000a8                . = ALIGN (0x4)
 *fill*         0x200000a5        0x3 
                0x200000a8                __bss_end__ = .

.heap           0x200000a8      0xc00
                0x200000a8                __HeapBase = .
                0x200000a8                __end__ = .
                0x200000a8                end = __end__
                0x200000a8                _end = __end__
 *(.heap*)
 .heap          0x200000a8      0xc00 ./CMSIS/EFM32PG12B/startup_gcc_efm32pg12b.o
                0x20000ca8                __HeapLimit = .

.stack_dummy    0x200000a8      0x400
 *(.stack*)
 .stack         0x200000a8      0x400 ./CMSIS/EFM32PG12B/startup_gcc_efm32pg12b.o
                0x20040000                __StackTop = (ORIGIN (RAM) + 0x40000)
                0x2003fc00                __StackLimit = (__StackTop - SIZEOF (.stack_dummy))
                0x20040000                PROVIDE (__stack, __StackTop)
                0x00000001                ASSERT ((__StackLimit >= __HeapLimit), region RAM overflowed with stack)
                0x00000001                ASSERT ((0x100000 >= (__etext + SIZEOF (.data))), FLASH memory overflowed !)
OUTPUT(Pearl_Blinky.axf elf32-littlearm)

.ARM.attributes
                0x00000000       0x2e
 .ARM.attributes
                0x00000000       0x22 c:/siliconlabs/simplicitystudio/v4/developer/toolchains/gnu_arm/4.9_2015q3/bin/../lib/gcc/arm-none-eabi/4.9.3/armv7e-m/softfp/crti.o
 .ARM.attributes
                0x00000022       0x32 c:/siliconlabs/simplicitystudio/v4/developer/toolchains/gnu_arm/4.9_2015q3/bin/../lib/gcc/arm-none-eabi/4.9.3/armv7e-m/softfp/crtbegin.o
 .ARM.attributes
                0x00000054       0x20 c:/siliconlabs/simplicitystudio/v4/developer/toolchains/gnu_arm/4.9_2015q3/bin/../lib/gcc/arm-none-eabi/4.9.3/../../../../arm-none-eabi/lib/armv7e-m/softfp/crt0.o
 .ARM.attributes
                0x00000074       0x1f ./CMSIS/EFM32PG12B/startup_gcc_efm32pg12b.o
 .ARM.attributes
                0x00000093       0x37 ./CMSIS/EFM32PG12B/system_efm32pg12b.o
 .ARM.attributes
                0x000000ca       0x37 ./emlib/em_cmu.o
 .ARM.attributes
                0x00000101       0x37 ./emlib/em_emu.o
 .ARM.attributes
                0x00000138       0x37 ./emlib/em_gpio.o
 .ARM.attributes
                0x0000016f       0x37 ./src/cmu.o
 .ARM.attributes
                0x000001a6       0x37 ./src/gpio.o
 .ARM.attributes
                0x000001dd       0x37 ./src/main.o
 .ARM.attributes
                0x00000214       0x37 ./src/timer.o
 .ARM.attributes
                0x0000024b       0x32 c:/siliconlabs/simplicitystudio/v4/developer/toolchains/gnu_arm/4.9_2015q3/bin/../lib/gcc/arm-none-eabi/4.9.3/../../../../arm-none-eabi/lib/armv7e-m/softfp\libc_nano.a(lib_a-exit.o)
 .ARM.attributes
                0x0000027d       0x32 c:/siliconlabs/simplicitystudio/v4/developer/toolchains/gnu_arm/4.9_2015q3/bin/../lib/gcc/arm-none-eabi/4.9.3/../../../../arm-none-eabi/lib/armv7e-m/softfp\libc_nano.a(lib_a-impure.o)
 .ARM.attributes
                0x000002af       0x32 c:/siliconlabs/simplicitystudio/v4/developer/toolchains/gnu_arm/4.9_2015q3/bin/../lib/gcc/arm-none-eabi/4.9.3/../../../../arm-none-eabi/lib/armv7e-m/softfp\libc_nano.a(lib_a-init.o)
 .ARM.attributes
                0x000002e1       0x32 c:/siliconlabs/simplicitystudio/v4/developer/toolchains/gnu_arm/4.9_2015q3/bin/../lib/gcc/arm-none-eabi/4.9.3/../../../../arm-none-eabi/lib/armv7e-m/softfp\libc_nano.a(lib_a-memset.o)
 .ARM.attributes
                0x00000313       0x32 c:/siliconlabs/simplicitystudio/v4/developer/toolchains/gnu_arm/4.9_2015q3/bin/../lib/gcc/arm-none-eabi/4.9.3/../../../../arm-none-eabi/lib/armv7e-m/softfp\libnosys.a(_exit.o)
 .ARM.attributes
                0x00000345       0x32 c:/siliconlabs/simplicitystudio/v4/developer/toolchains/gnu_arm/4.9_2015q3/bin/../lib/gcc/arm-none-eabi/4.9.3/armv7e-m/softfp/crtend.o
 .ARM.attributes
                0x00000377       0x22 c:/siliconlabs/simplicitystudio/v4/developer/toolchains/gnu_arm/4.9_2015q3/bin/../lib/gcc/arm-none-eabi/4.9.3/armv7e-m/softfp/crtn.o

.comment        0x00000000       0x70
 .comment       0x00000000       0x70 ./CMSIS/EFM32PG12B/system_efm32pg12b.o
                                 0x71 (size before relaxing)
 .comment       0x00000000       0x71 ./emlib/em_cmu.o
 .comment       0x00000000       0x71 ./emlib/em_emu.o
 .comment       0x00000000       0x71 ./emlib/em_gpio.o
 .comment       0x00000000       0x71 ./src/cmu.o
 .comment       0x00000000       0x71 ./src/gpio.o
 .comment       0x00000000       0x71 ./src/main.o
 .comment       0x00000000       0x71 ./src/timer.o

.debug_line     0x00000000     0x5f58
 .debug_line    0x00000000       0x78 ./CMSIS/EFM32PG12B/startup_gcc_efm32pg12b.o
 .debug_line    0x00000078      0x88a ./CMSIS/EFM32PG12B/system_efm32pg12b.o
 .debug_line    0x00000902     0x1280 ./emlib/em_cmu.o
 .debug_line    0x00001b82     0x12e0 ./emlib/em_emu.o
 .debug_line    0x00002e62      0xafa ./emlib/em_gpio.o
 .debug_line    0x0000395c      0x86e ./src/cmu.o
 .debug_line    0x000041ca      0x85f ./src/gpio.o
 .debug_line    0x00004a29      0xbb0 ./src/main.o
 .debug_line    0x000055d9      0x97f ./src/timer.o

.debug_info     0x00000000     0x7e2f
 .debug_info    0x00000000       0xa6 ./CMSIS/EFM32PG12B/startup_gcc_efm32pg12b.o
 .debug_info    0x000000a6      0x8bc ./CMSIS/EFM32PG12B/system_efm32pg12b.o
 .debug_info    0x00000962     0x23a5 ./emlib/em_cmu.o
 .debug_info    0x00002d07     0x2362 ./emlib/em_emu.o
 .debug_info    0x00005069      0xa5a ./emlib/em_gpio.o
 .debug_info    0x00005ac3      0x2f9 ./src/cmu.o
 .debug_info    0x00005dbc      0x184 ./src/gpio.o
 .debug_info    0x00005f40     0x153c ./src/main.o
 .debug_info    0x0000747c      0x9b3 ./src/timer.o

.debug_abbrev   0x00000000      0xec1
 .debug_abbrev  0x00000000       0x14 ./CMSIS/EFM32PG12B/startup_gcc_efm32pg12b.o
 .debug_abbrev  0x00000014      0x1bd ./CMSIS/EFM32PG12B/system_efm32pg12b.o
 .debug_abbrev  0x000001d1      0x313 ./emlib/em_cmu.o
 .debug_abbrev  0x000004e4      0x314 ./emlib/em_emu.o
 .debug_abbrev  0x000007f8      0x1ec ./emlib/em_gpio.o
 .debug_abbrev  0x000009e4       0x91 ./src/cmu.o
 .debug_abbrev  0x00000a75       0x82 ./src/gpio.o
 .debug_abbrev  0x00000af7      0x1fc ./src/main.o
 .debug_abbrev  0x00000cf3      0x1ce ./src/timer.o

.debug_aranges  0x00000000      0x550
 .debug_aranges
                0x00000000       0x20 ./CMSIS/EFM32PG12B/startup_gcc_efm32pg12b.o
 .debug_aranges
                0x00000020       0x68 ./CMSIS/EFM32PG12B/system_efm32pg12b.o
 .debug_aranges
                0x00000088      0x1b8 ./emlib/em_cmu.o
 .debug_aranges
                0x00000240      0x1a8 ./emlib/em_emu.o
 .debug_aranges
                0x000003e8       0x88 ./emlib/em_gpio.o
 .debug_aranges
                0x00000470       0x20 ./src/cmu.o
 .debug_aranges
                0x00000490       0x20 ./src/gpio.o
 .debug_aranges
                0x000004b0       0x50 ./src/main.o
 .debug_aranges
                0x00000500       0x50 ./src/timer.o

.debug_loc      0x00000000     0x2bbc
 .debug_loc     0x00000000      0x2e4 ./CMSIS/EFM32PG12B/system_efm32pg12b.o
 .debug_loc     0x000002e4     0x104c ./emlib/em_cmu.o
 .debug_loc     0x00001330      0xf06 ./emlib/em_emu.o
 .debug_loc     0x00002236      0x4b4 ./emlib/em_gpio.o
 .debug_loc     0x000026ea       0x2c ./src/cmu.o
 .debug_loc     0x00002716       0x2c ./src/gpio.o
 .debug_loc     0x00002742      0x226 ./src/main.o
 .debug_loc     0x00002968      0x254 ./src/timer.o

.debug_ranges   0x00000000      0x4b0
 .debug_ranges  0x00000000       0x58 ./CMSIS/EFM32PG12B/system_efm32pg12b.o
 .debug_ranges  0x00000058      0x1a8 ./emlib/em_cmu.o
 .debug_ranges  0x00000200      0x198 ./emlib/em_emu.o
 .debug_ranges  0x00000398       0x78 ./emlib/em_gpio.o
 .debug_ranges  0x00000410       0x10 ./src/cmu.o
 .debug_ranges  0x00000420       0x10 ./src/gpio.o
 .debug_ranges  0x00000430       0x40 ./src/main.o
 .debug_ranges  0x00000470       0x40 ./src/timer.o

.debug_macro    0x00000000     0x1e3f
 .debug_macro   0x00000000      0x273 ./CMSIS/EFM32PG12B/system_efm32pg12b.o
 .debug_macro   0x00000273      0x383 ./emlib/em_cmu.o
 .debug_macro   0x000005f6       0x58 ./emlib/em_cmu.o
 .debug_macro   0x0000064e       0x25 ./emlib/em_cmu.o
 .debug_macro   0x00000673       0xee ./emlib/em_cmu.o
 .debug_macro   0x00000761       0x80 ./emlib/em_cmu.o
 .debug_macro   0x000007e1      0x36a ./emlib/em_emu.o
 .debug_macro   0x00000b4b       0x7a ./emlib/em_emu.o
 .debug_macro   0x00000bc5      0x286 ./emlib/em_gpio.o
 .debug_macro   0x00000e4b      0x28b ./src/cmu.o
 .debug_macro   0x000010d6      0x287 ./src/gpio.o
 .debug_macro   0x0000135d       0x28 ./src/gpio.o
 .debug_macro   0x00001385      0x321 ./src/main.o
 .debug_macro   0x000016a6      0x344 ./src/main.o
 .debug_macro   0x000019ea      0x1ba ./src/main.o
 .debug_macro   0x00001ba4      0x29b ./src/timer.o

.debug_str      0x00000000   0x153fe9
 .debug_str     0x00000000   0x14da4d ./CMSIS/EFM32PG12B/system_efm32pg12b.o
                             0x14e924 (size before relaxing)
 .debug_str     0x0014da4d     0x39ca ./emlib/em_cmu.o
                             0x15224b (size before relaxing)
 .debug_str     0x00151417     0x1140 ./emlib/em_emu.o
                             0x152170 (size before relaxing)
 .debug_str     0x00152557      0x49a ./emlib/em_gpio.o
                             0x14f33f (size before relaxing)
 .debug_str     0x001529f1       0x20 ./src/cmu.o
                             0x14fd3a (size before relaxing)
 .debug_str     0x00152a11       0x7c ./src/gpio.o
                             0x14eec8 (size before relaxing)
 .debug_str     0x00152a8d     0x112a ./src/main.o
                             0x151dd7 (size before relaxing)
 .debug_str     0x00153bb7      0x432 ./src/timer.o
                             0x14f342 (size before relaxing)

.debug_frame    0x00000000     0x1534
 .debug_frame   0x00000000      0x164 ./CMSIS/EFM32PG12B/system_efm32pg12b.o
 .debug_frame   0x00000164      0x780 ./emlib/em_cmu.o
 .debug_frame   0x000008e4      0x714 ./emlib/em_emu.o
 .debug_frame   0x00000ff8      0x228 ./emlib/em_gpio.o
 .debug_frame   0x00001220       0x2c ./src/cmu.o
 .debug_frame   0x0000124c       0x2c ./src/gpio.o
 .debug_frame   0x00001278      0x110 ./src/main.o
 .debug_frame   0x00001388      0x118 ./src/timer.o
 .debug_frame   0x000014a0       0x28 c:/siliconlabs/simplicitystudio/v4/developer/toolchains/gnu_arm/4.9_2015q3/bin/../lib/gcc/arm-none-eabi/4.9.3/../../../../arm-none-eabi/lib/armv7e-m/softfp\libc_nano.a(lib_a-exit.o)
 .debug_frame   0x000014c8       0x2c c:/siliconlabs/simplicitystudio/v4/developer/toolchains/gnu_arm/4.9_2015q3/bin/../lib/gcc/arm-none-eabi/4.9.3/../../../../arm-none-eabi/lib/armv7e-m/softfp\libc_nano.a(lib_a-init.o)
 .debug_frame   0x000014f4       0x20 c:/siliconlabs/simplicitystudio/v4/developer/toolchains/gnu_arm/4.9_2015q3/bin/../lib/gcc/arm-none-eabi/4.9.3/../../../../arm-none-eabi/lib/armv7e-m/softfp\libc_nano.a(lib_a-memset.o)
 .debug_frame   0x00001514       0x20 c:/siliconlabs/simplicitystudio/v4/developer/toolchains/gnu_arm/4.9_2015q3/bin/../lib/gcc/arm-none-eabi/4.9.3/../../../../arm-none-eabi/lib/armv7e-m/softfp\libnosys.a(_exit.o)
