Archive member included because of file (symbol)

c:/siliconlabs/simplicitystudio/v4/developer/toolchains/gnu_arm/4.8_2013q4/bin/../lib/gcc/arm-none-eabi/4.8.3/armv7e-m/softfp\libgcc.a(_aeabi_uldivmod.o)
                              ./emlib/em_usart.o (__aeabi_uldivmod)
c:/siliconlabs/simplicitystudio/v4/developer/toolchains/gnu_arm/4.8_2013q4/bin/../lib/gcc/arm-none-eabi/4.8.3/armv7e-m/softfp\libgcc.a(bpabi.o)
                              c:/siliconlabs/simplicitystudio/v4/developer/toolchains/gnu_arm/4.8_2013q4/bin/../lib/gcc/arm-none-eabi/4.8.3/armv7e-m/softfp\libgcc.a(_aeabi_uldivmod.o) (__gnu_uldivmod_helper)
c:/siliconlabs/simplicitystudio/v4/developer/toolchains/gnu_arm/4.8_2013q4/bin/../lib/gcc/arm-none-eabi/4.8.3/armv7e-m/softfp\libgcc.a(_dvmd_tls.o)
                              c:/siliconlabs/simplicitystudio/v4/developer/toolchains/gnu_arm/4.8_2013q4/bin/../lib/gcc/arm-none-eabi/4.8.3/armv7e-m/softfp\libgcc.a(_aeabi_uldivmod.o) (__aeabi_ldiv0)
c:/siliconlabs/simplicitystudio/v4/developer/toolchains/gnu_arm/4.8_2013q4/bin/../lib/gcc/arm-none-eabi/4.8.3/armv7e-m/softfp\libgcc.a(_divdi3.o)
                              c:/siliconlabs/simplicitystudio/v4/developer/toolchains/gnu_arm/4.8_2013q4/bin/../lib/gcc/arm-none-eabi/4.8.3/armv7e-m/softfp\libgcc.a(bpabi.o) (__divdi3)
c:/siliconlabs/simplicitystudio/v4/developer/toolchains/gnu_arm/4.8_2013q4/bin/../lib/gcc/arm-none-eabi/4.8.3/armv7e-m/softfp\libgcc.a(_udivdi3.o)
                              c:/siliconlabs/simplicitystudio/v4/developer/toolchains/gnu_arm/4.8_2013q4/bin/../lib/gcc/arm-none-eabi/4.8.3/armv7e-m/softfp\libgcc.a(bpabi.o) (__udivdi3)
c:/siliconlabs/simplicitystudio/v4/developer/toolchains/gnu_arm/4.8_2013q4/bin/../lib/gcc/arm-none-eabi/4.8.3/../../../../arm-none-eabi/lib/armv7e-m/softfp\libc_s.a(lib_a-exit.o)
                              c:/siliconlabs/simplicitystudio/v4/developer/toolchains/gnu_arm/4.8_2013q4/bin/../lib/gcc/arm-none-eabi/4.8.3/../../../../arm-none-eabi/lib/armv7e-m/softfp/crt0.o (exit)
c:/siliconlabs/simplicitystudio/v4/developer/toolchains/gnu_arm/4.8_2013q4/bin/../lib/gcc/arm-none-eabi/4.8.3/../../../../arm-none-eabi/lib/armv7e-m/softfp\libc_s.a(lib_a-impure.o)
                              c:/siliconlabs/simplicitystudio/v4/developer/toolchains/gnu_arm/4.8_2013q4/bin/../lib/gcc/arm-none-eabi/4.8.3/../../../../arm-none-eabi/lib/armv7e-m/softfp\libc_s.a(lib_a-exit.o) (_global_impure_ptr)
c:/siliconlabs/simplicitystudio/v4/developer/toolchains/gnu_arm/4.8_2013q4/bin/../lib/gcc/arm-none-eabi/4.8.3/../../../../arm-none-eabi/lib/armv7e-m/softfp\libc_s.a(lib_a-init.o)
                              c:/siliconlabs/simplicitystudio/v4/developer/toolchains/gnu_arm/4.8_2013q4/bin/../lib/gcc/arm-none-eabi/4.8.3/../../../../arm-none-eabi/lib/armv7e-m/softfp/crt0.o (__libc_init_array)
c:/siliconlabs/simplicitystudio/v4/developer/toolchains/gnu_arm/4.8_2013q4/bin/../lib/gcc/arm-none-eabi/4.8.3/../../../../arm-none-eabi/lib/armv7e-m/softfp\libc_s.a(lib_a-memcpy-stub.o)
                              ./emlib/em_crypto.o (memcpy)
c:/siliconlabs/simplicitystudio/v4/developer/toolchains/gnu_arm/4.8_2013q4/bin/../lib/gcc/arm-none-eabi/4.8.3/../../../../arm-none-eabi/lib/armv7e-m/softfp\libc_s.a(lib_a-memset.o)
                              c:/siliconlabs/simplicitystudio/v4/developer/toolchains/gnu_arm/4.8_2013q4/bin/../lib/gcc/arm-none-eabi/4.8.3/../../../../arm-none-eabi/lib/armv7e-m/softfp/crt0.o (memset)
c:/siliconlabs/simplicitystudio/v4/developer/toolchains/gnu_arm/4.8_2013q4/bin/../lib/gcc/arm-none-eabi/4.8.3/../../../../arm-none-eabi/lib/armv7e-m/softfp\libnosys.a(_exit.o)
                              c:/siliconlabs/simplicitystudio/v4/developer/toolchains/gnu_arm/4.8_2013q4/bin/../lib/gcc/arm-none-eabi/4.8.3/../../../../arm-none-eabi/lib/armv7e-m/softfp\libc_s.a(lib_a-exit.o) (_exit)

Discarded input sections

 .text          0x00000000        0x0 c:/siliconlabs/simplicitystudio/v4/developer/toolchains/gnu_arm/4.8_2013q4/bin/../lib/gcc/arm-none-eabi/4.8.3/armv7e-m/softfp/crti.o
 .data          0x00000000        0x0 c:/siliconlabs/simplicitystudio/v4/developer/toolchains/gnu_arm/4.8_2013q4/bin/../lib/gcc/arm-none-eabi/4.8.3/armv7e-m/softfp/crti.o
 .bss           0x00000000        0x0 c:/siliconlabs/simplicitystudio/v4/developer/toolchains/gnu_arm/4.8_2013q4/bin/../lib/gcc/arm-none-eabi/4.8.3/armv7e-m/softfp/crti.o
 .data          0x00000000        0x4 c:/siliconlabs/simplicitystudio/v4/developer/toolchains/gnu_arm/4.8_2013q4/bin/../lib/gcc/arm-none-eabi/4.8.3/armv7e-m/softfp/crtbegin.o
 .data          0x00000000        0x0 c:/siliconlabs/simplicitystudio/v4/developer/toolchains/gnu_arm/4.8_2013q4/bin/../lib/gcc/arm-none-eabi/4.8.3/../../../../arm-none-eabi/lib/armv7e-m/softfp/crt0.o
 .bss           0x00000000        0x0 c:/siliconlabs/simplicitystudio/v4/developer/toolchains/gnu_arm/4.8_2013q4/bin/../lib/gcc/arm-none-eabi/4.8.3/../../../../arm-none-eabi/lib/armv7e-m/softfp/crt0.o
[...]
Memory Configuration

Name             Origin             Length             Attributes
FLASH            0x00000000         0x00100000         xr
RAM              0x20000000         0x00040000         xrw
*default*        0x00000000         0xffffffff

Linker script and memory map

LOAD c:/siliconlabs/simplicitystudio/v4/developer/toolchains/gnu_arm/4.8_2013q4/bin/../lib/gcc/arm-none-eabi/4.8.3/armv7e-m/softfp/crti.o
LOAD c:/siliconlabs/simplicitystudio/v4/developer/toolchains/gnu_arm/4.8_2013q4/bin/../lib/gcc/arm-none-eabi/4.8.3/armv7e-m/softfp/crtbegin.o
LOAD c:/siliconlabs/simplicitystudio/v4/developer/toolchains/gnu_arm/4.8_2013q4/bin/../lib/gcc/arm-none-eabi/4.8.3/../../../../arm-none-eabi/lib/armv7e-m/softfp/crt0.o
LOAD ./BSP/bsp_stk_leds.o
LOAD ./CMSIS/EFM32PG12B/startup_gcc_efm32pg12b.o
LOAD ./CMSIS/EFM32PG12B/system_efm32pg12b.o
LOAD ./emlib/em_acmp.o
LOAD ./emlib/em_adc.o
LOAD ./emlib/em_aes.o
LOAD ./emlib/em_assert.o
LOAD ./emlib/em_burtc.o
LOAD ./emlib/em_can.o
LOAD ./emlib/em_cmu.o
LOAD ./emlib/em_core.o
LOAD ./emlib/em_cryotimer.o
LOAD ./emlib/em_crypto.o
LOAD ./emlib/em_csen.o
LOAD ./emlib/em_dac.o
LOAD ./emlib/em_dbg.o
LOAD ./emlib/em_dma.o
LOAD ./emlib/em_ebi.o
LOAD ./emlib/em_emu.o
LOAD ./emlib/em_gpcrc.o
LOAD ./emlib/em_gpio.o
LOAD ./emlib/em_i2c.o
LOAD ./emlib/em_iadc.o
LOAD ./emlib/em_idac.o
LOAD ./emlib/em_int.o
LOAD ./emlib/em_lcd.o
LOAD ./emlib/em_ldma.o
LOAD ./emlib/em_lesense.o
LOAD ./emlib/em_letimer.o
LOAD ./emlib/em_leuart.o
LOAD ./emlib/em_mpu.o
LOAD ./emlib/em_msc.o
LOAD ./emlib/em_opamp.o
LOAD ./emlib/em_pcnt.o
LOAD ./emlib/em_pdm.o
LOAD ./emlib/em_prs.o
LOAD ./emlib/em_qspi.o
LOAD ./emlib/em_rmu.o
LOAD ./emlib/em_rtc.o
LOAD ./emlib/em_rtcc.o
LOAD ./emlib/em_se.o
LOAD ./emlib/em_system.o
LOAD ./emlib/em_timer.o
LOAD ./emlib/em_usart.o
LOAD ./emlib/em_vcmp.o
LOAD ./emlib/em_vdac.o
LOAD ./emlib/em_wdog.o
LOAD ./src/cmu.o
LOAD ./src/gpio.o
LOAD ./src/main.o
START GROUP
LOAD c:/siliconlabs/simplicitystudio/v4/developer/toolchains/gnu_arm/4.8_2013q4/bin/../lib/gcc/arm-none-eabi/4.8.3/armv7e-m/softfp\libgcc.a
LOAD c:/siliconlabs/simplicitystudio/v4/developer/toolchains/gnu_arm/4.8_2013q4/bin/../lib/gcc/arm-none-eabi/4.8.3/../../../../arm-none-eabi/lib/armv7e-m/softfp\libc_s.a
LOAD c:/siliconlabs/simplicitystudio/v4/developer/toolchains/gnu_arm/4.8_2013q4/bin/../lib/gcc/arm-none-eabi/4.8.3/../../../../arm-none-eabi/lib/armv7e-m/softfp\libnosys.a
END GROUP
START GROUP
LOAD c:/siliconlabs/simplicitystudio/v4/developer/toolchains/gnu_arm/4.8_2013q4/bin/../lib/gcc/arm-none-eabi/4.8.3/armv7e-m/softfp\libgcc.a
LOAD c:/siliconlabs/simplicitystudio/v4/developer/toolchains/gnu_arm/4.8_2013q4/bin/../lib/gcc/arm-none-eabi/4.8.3/../../../../arm-none-eabi/lib/armv7e-m/softfp\libg_s.a
LOAD c:/siliconlabs/simplicitystudio/v4/developer/toolchains/gnu_arm/4.8_2013q4/bin/../lib/gcc/arm-none-eabi/4.8.3/../../../../arm-none-eabi/lib/armv7e-m/softfp\libc_s.a
END GROUP
START GROUP
LOAD c:/siliconlabs/simplicitystudio/v4/developer/toolchains/gnu_arm/4.8_2013q4/bin/../lib/gcc/arm-none-eabi/4.8.3/armv7e-m/softfp\libgcc.a
LOAD c:/siliconlabs/simplicitystudio/v4/developer/toolchains/gnu_arm/4.8_2013q4/bin/../lib/gcc/arm-none-eabi/4.8.3/../../../../arm-none-eabi/lib/armv7e-m/softfp\libc_s.a
END GROUP
LOAD c:/siliconlabs/simplicitystudio/v4/developer/toolchains/gnu_arm/4.8_2013q4/bin/../lib/gcc/arm-none-eabi/4.8.3/armv7e-m/softfp/crtend.o
LOAD c:/siliconlabs/simplicitystudio/v4/developer/toolchains/gnu_arm/4.8_2013q4/bin/../lib/gcc/arm-none-eabi/4.8.3/armv7e-m/softfp/crtn.o

.text           0x00000000     0x2798
 *(.vectors)
 .vectors       0x00000000      0x10c ./CMSIS/EFM32PG12B/startup_gcc_efm32pg12b.o
                0x00000000                __Vectors
                0x0000010c                __Vectors_End = .
                0x0000010c                __Vectors_Size = (__Vectors_End - __Vectors)
                0x0000010c                __end__ = .
 *(.text*)
 .text          0x0000010c       0x54 c:/siliconlabs/simplicitystudio/v4/developer/toolchains/gnu_arm/4.8_2013q4/bin/../lib/gcc/arm-none-eabi/4.8.3/armv7e-m/softfp/crtbegin.o
 .text          0x00000160       0x74 c:/siliconlabs/simplicitystudio/v4/developer/toolchains/gnu_arm/4.8_2013q4/bin/../lib/gcc/arm-none-eabi/4.8.3/../../../../arm-none-eabi/lib/armv7e-m/softfp/crt0.o
                0x00000160                _start
                0x00000160                _mainCRTStartup
 .text          0x000001d4       0x30 ./CMSIS/EFM32PG12B/startup_gcc_efm32pg12b.o
                0x000001d4                Reset_Handler
                0x00000200                USART0_TX_IRQHandler
                0x00000200                I2C0_IRQHandler
                0x00000200                HardFault_Handler
                0x00000200                SysTick_Handler
                0x00000200                USART1_RX_IRQHandler
                0x00000200                PendSV_Handler
                0x00000200                NMI_Handler
                0x00000200                I2C1_IRQHandler
                0x00000200                WTIMER0_IRQHandler
                0x00000200                CRYPTO0_IRQHandler
                0x00000200                WDOG0_IRQHandler
                0x00000200                USART1_TX_IRQHandler
                0x00000200                SMU_IRQHandler
                0x00000200                MSC_IRQHandler
                0x00000200                ADC0_IRQHandler
                0x00000200                UsageFault_Handler
                0x00000200                WDOG1_IRQHandler
                0x00000200                LEUART0_IRQHandler
                0x00000200                FPUEH_IRQHandler
                0x00000200                WTIMER1_IRQHandler
                0x00000200                GPIO_EVEN_IRQHandler
                0x00000200                VDAC0_IRQHandler
                0x00000200                LDMA_IRQHandler
                0x00000200                CSEN_IRQHandler
                0x00000200                CRYPTO1_IRQHandler
                0x00000200                TIMER0_IRQHandler
                0x00000200                DebugMon_Handler
                0x00000200                PCNT2_IRQHandler
                0x00000200                LETIMER0_IRQHandler
                0x00000200                TIMER1_IRQHandler
                0x00000200                TRNG0_IRQHandler
                0x00000200                USART2_RX_IRQHandler
                0x00000200                Default_Handler
                0x00000200                EMU_IRQHandler
                0x00000200                CRYOTIMER_IRQHandler
                0x00000200                PCNT0_IRQHandler
                0x00000200                PCNT1_IRQHandler
                0x00000200                ACMP0_IRQHandler
                0x00000200                USART0_RX_IRQHandler
                0x00000200                MemManage_Handler
                0x00000200                SVC_Handler
                0x00000200                USART3_RX_IRQHandler
                0x00000200                RTCC_IRQHandler
                0x00000200                CMU_IRQHandler
                0x00000200                LESENSE_IRQHandler
                0x00000200                GPIO_ODD_IRQHandler
                0x00000200                USART3_TX_IRQHandler
                0x00000200                BusFault_Handler
                0x00000200                USART2_TX_IRQHandler
                0x00000200                IDAC0_IRQHandler
 .text.SystemCoreClockGet
                0x00000204       0x44 ./CMSIS/EFM32PG12B/system_efm32pg12b.o
                0x00000204                SystemCoreClockGet
 .text.SystemMaxCoreClockGet
                0x00000248       0x14 ./CMSIS/EFM32PG12B/system_efm32pg12b.o
                0x00000248                SystemMaxCoreClockGet
 .text.SystemHFClockGet
                0x0000025c       0x70 ./CMSIS/EFM32PG12B/system_efm32pg12b.o
                0x0000025c                SystemHFClockGet
 .text.SystemHFXOClockGet
                0x000002cc       0x18 ./CMSIS/EFM32PG12B/system_efm32pg12b.o
                0x000002cc                SystemHFXOClockGet
 .text.SystemInit
                0x000002e4       0x2c ./CMSIS/EFM32PG12B/system_efm32pg12b.o
                0x000002e4                SystemInit
 .text.SystemLFRCOClockGet
                0x00000310       0x14 ./CMSIS/EFM32PG12B/system_efm32pg12b.o
                0x00000310                SystemLFRCOClockGet
 .text.SystemULFRCOClockGet
                0x00000324       0x14 ./CMSIS/EFM32PG12B/system_efm32pg12b.o
                0x00000324                SystemULFRCOClockGet
 .text.SystemLFXOClockGet
                0x00000338       0x18 ./CMSIS/EFM32PG12B/system_efm32pg12b.o
                0x00000338                SystemLFXOClockGet
 .text.BUS_RegBitWrite
                0x00000350       0x2c ./emlib/em_cmu.o
 .text.BUS_RegBitRead
                0x0000037c       0x2c ./emlib/em_cmu.o
 .text.CMU_Log2ToDiv
                0x000003a8       0x1c ./emlib/em_cmu.o
 .text.EMU_VScaleWait
                0x000003c4       0x1c ./emlib/em_cmu.o
 .text.EMU_VScaleGet
                0x000003e0       0x1c ./emlib/em_cmu.o
 .text.setHfLeConfig
                0x000003fc       0x64 ./emlib/em_cmu.o
 .text.auxClkGet
                0x00000460       0x20 ./emlib/em_cmu.o
 .text.hfSrcClkGet
                0x00000480       0x2c ./emlib/em_cmu.o
 .text.dbgClkGet
                0x000004ac       0x40 ./emlib/em_cmu.o
 .text.adcAsyncClkGet
                0x000004ec       0x80 ./emlib/em_cmu.o
 .text.flashWaitStateControl
                0x0000056c       0x88 ./emlib/em_cmu.o
 .text.flashWaitStateMax
                0x000005f4       0x40 ./emlib/em_cmu.o
 .text.CMU_UpdateWaitStates
                0x00000634       0x40 ./emlib/em_cmu.o
                0x00000634                CMU_UpdateWaitStates
 .text.getRegIshUpperVal
                0x00000674       0x38 ./emlib/em_cmu.o
 .text.getHfxoTuningMode
                0x000006ac       0x1c ./emlib/em_cmu.o
 .text.setHfxoTuningMode
                0x000006c8       0x28 ./emlib/em_cmu.o
 .text.lfClkGet
                0x000006f0       0xf4 ./emlib/em_cmu.o
 .text.syncReg  0x000007e4       0x38 ./emlib/em_cmu.o
 .text.hfperClkSafePrescaler
                0x0000081c        0xc ./emlib/em_cmu.o
 .text.hfperClkOptimizedPrescaler
                0x00000828        0xc ./emlib/em_cmu.o
 .text.CMU_ClockEnable
                0x00000834       0xcc ./emlib/em_cmu.o
                0x00000834                CMU_ClockEnable
 .text.CMU_ClockFreqGet
                0x00000900      0x210 ./emlib/em_cmu.o
                0x00000900                CMU_ClockFreqGet
 .text.CMU_ClockSelectGet
                0x00000b10      0x1c0 ./emlib/em_cmu.o
                0x00000b10                CMU_ClockSelectGet
 .text.CMU_ClockSelectSet
                0x00000cd0      0x2f0 ./emlib/em_cmu.o
                0x00000cd0                CMU_ClockSelectSet
 .text.CMU_HFRCOBandGet
                0x00000fc0       0x18 ./emlib/em_cmu.o
                0x00000fc0                CMU_HFRCOBandGet
 .text.CMU_HFXOInit
                0x00000fd8       0xe4 ./emlib/em_cmu.o
                0x00000fd8                CMU_HFXOInit
 .text.CMU_OscillatorEnable
                0x000010bc      0x1a0 ./emlib/em_cmu.o
                0x000010bc                CMU_OscillatorEnable
 .text.CMU_OscillatorTuningGet
                0x0000125c       0x74 ./emlib/em_cmu.o
                0x0000125c                CMU_OscillatorTuningGet
 .text.CMU_OscillatorTuningSet
                0x000012d0      0x100 ./emlib/em_cmu.o
                0x000012d0                CMU_OscillatorTuningSet
 .text.CMU_OscillatorTuningWait
                0x000013d0       0x94 ./emlib/em_cmu.o
                0x000013d0                CMU_OscillatorTuningWait
 .text.CMU_OscillatorTuningOptimize
                0x00001464       0x58 ./emlib/em_cmu.o
                0x00001464                CMU_OscillatorTuningOptimize
 .text.BUS_RegBitWrite
                0x000014bc       0x2c ./emlib/em_emu.o
 .text.BUS_RegBitRead
                0x000014e8       0x2c ./emlib/em_emu.o
 .text.EMU_VScaleWait
                0x00001514       0x1c ./emlib/em_emu.o
 .text.EMU_VScaleGet
                0x00001530       0x1c ./emlib/em_emu.o
 .text.EMU_IntClear
                0x0000154c       0x1c ./emlib/em_emu.o
 .text.EMU_IntGet
                0x00001568       0x18 ./emlib/em_emu.o
 .text.vScaleEM01Cmd
                0x00001580       0x24 ./emlib/em_emu.o
 .text.EMU_VScaleEM01ByClock
                0x000015a4       0x70 ./emlib/em_emu.o
                0x000015a4                EMU_VScaleEM01ByClock
 .text.EMU_VScaleEM01
                0x00001614       0x84 ./emlib/em_emu.o
                0x00001614                EMU_VScaleEM01
 .text.dcdcConstCalibrationLoad
                0x00001698       0x10 ./emlib/em_emu.o
 .text.dcdcValidatedConfigSet
                0x000016a8       0x40 ./emlib/em_emu.o
 .text.currentLimitersUpdate
                0x000016e8       0xe4 ./emlib/em_emu.o
 .text.userCurrentLimitsSet
                0x000017cc       0x2c ./emlib/em_emu.o
 .text.compCtrlSet
                0x000017f8       0x3c ./emlib/em_emu.o
 .text.lpCmpHystCalibrationLoad
                0x00001834       0xd4 ./emlib/em_emu.o
 .text.lpGetDevinfoVrefLowHigh
                0x00001908      0x15c ./emlib/em_emu.o
 .text.EMU_DCDCModeSet
                0x00001a64       0xf0 ./emlib/em_emu.o
                0x00001a64                EMU_DCDCModeSet
 .text.EMU_DCDCInit
                0x00001b54      0x138 ./emlib/em_emu.o
                0x00001b54                EMU_DCDCInit
 .text.EMU_DCDCOutputVoltageSet
                0x00001c8c      0x2c4 ./emlib/em_emu.o
                0x00001c8c                EMU_DCDCOutputVoltageSet
 .text.EMU_DCDCOptimizeSlice
                0x00001f50       0xd8 ./emlib/em_emu.o
                0x00001f50                EMU_DCDCOptimizeSlice
 .text.EMU_DCDCLnRcoBandSet
                0x00002028       0x54 ./emlib/em_emu.o
                0x00002028                EMU_DCDCLnRcoBandSet
 .text.BUS_RegMaskedSet
                0x0000207c       0x24 ./emlib/em_gpio.o
 .text.BUS_RegMaskedClear
                0x000020a0       0x24 ./emlib/em_gpio.o
 .text.BUS_RegMaskedWrite
                0x000020c4       0x24 ./emlib/em_gpio.o
 .text.GPIO_PinOutClear
                0x000020e8       0x78 ./emlib/em_gpio.o
 .text.GPIO_PinOutSet
                0x00002160       0x78 ./emlib/em_gpio.o
 .text.GPIO_DriveStrengthSet
                0x000021d8       0x80 ./emlib/em_gpio.o
                0x000021d8                GPIO_DriveStrengthSet
 .text.GPIO_PinModeSet
                0x00002258      0x12c ./emlib/em_gpio.o
                0x00002258                GPIO_PinModeSet
 .text.cmu_init
                0x00002384       0x64 ./src/cmu.o
                0x00002384                cmu_init
 .text.gpio_init
                0x000023e8       0x34 ./src/gpio.o
                0x000023e8                gpio_init
 .text.SYSTEM_GetProdRev
                0x0000241c       0x1c ./src/main.o
 .text.BUS_RegMaskedSet
                0x00002438       0x24 ./src/main.o
 .text.BUS_RegMaskedClear
                0x0000245c       0x24 ./src/main.o
 .text.GPIO_PinOutClear
                0x00002480       0x78 ./src/main.o
 .text.GPIO_PinOutSet
                0x000024f8       0x78 ./src/main.o
 .text.CHIP_Init
                0x00002570       0x70 ./src/main.o
 .text.main     0x000025e0       0xc0 ./src/main.o
                0x000025e0                main
 .text.exit     0x000026a0       0x28 c:/siliconlabs/simplicitystudio/v4/developer/toolchains/gnu_arm/4.8_2013q4/bin/../lib/gcc/arm-none-eabi/4.8.3/../../../../arm-none-eabi/lib/armv7e-m/softfp\libc_s.a(lib_a-exit.o)
                0x000026a0                exit
 .text.__libc_init_array
                0x000026c8       0x4c c:/siliconlabs/simplicitystudio/v4/developer/toolchains/gnu_arm/4.8_2013q4/bin/../lib/gcc/arm-none-eabi/4.8.3/../../../../arm-none-eabi/lib/armv7e-m/softfp\libc_s.a(lib_a-init.o)
                0x000026c8                __libc_init_array
 .text.memset   0x00002714       0x10 c:/siliconlabs/simplicitystudio/v4/developer/toolchains/gnu_arm/4.8_2013q4/bin/../lib/gcc/arm-none-eabi/4.8.3/../../../../arm-none-eabi/lib/armv7e-m/softfp\libc_s.a(lib_a-memset.o)
                0x00002714                memset
 .text._exit    0x00002724        0x4 c:/siliconlabs/simplicitystudio/v4/developer/toolchains/gnu_arm/4.8_2013q4/bin/../lib/gcc/arm-none-eabi/4.8.3/../../../../arm-none-eabi/lib/armv7e-m/softfp\libnosys.a(_exit.o)
                0x00002724                _exit
 *(.init)
 .init          0x00002728        0x4 c:/siliconlabs/simplicitystudio/v4/developer/toolchains/gnu_arm/4.8_2013q4/bin/../lib/gcc/arm-none-eabi/4.8.3/armv7e-m/softfp/crti.o
                0x00002728                _init
 .init          0x0000272c        0x8 c:/siliconlabs/simplicitystudio/v4/developer/toolchains/gnu_arm/4.8_2013q4/bin/../lib/gcc/arm-none-eabi/4.8.3/armv7e-m/softfp/crtn.o
 *(.fini)
 .fini          0x00002734        0x4 c:/siliconlabs/simplicitystudio/v4/developer/toolchains/gnu_arm/4.8_2013q4/bin/../lib/gcc/arm-none-eabi/4.8.3/armv7e-m/softfp/crti.o
                0x00002734                _fini
 .fini          0x00002738        0x8 c:/siliconlabs/simplicitystudio/v4/developer/toolchains/gnu_arm/4.8_2013q4/bin/../lib/gcc/arm-none-eabi/4.8.3/armv7e-m/softfp/crtn.o
 *crtbegin.o(.ctors)
 *crtbegin?.o(.ctors)
 *(EXCLUDE_FILE(*crtend.o *crtend?.o) .ctors)
 *(SORT(.ctors.*))
 *(.ctors)
 *crtbegin.o(.dtors)
 *crtbegin?.o(.dtors)
 *(EXCLUDE_FILE(*crtend.o *crtend?.o) .dtors)
 *(SORT(.dtors.*))
 *(.dtors)
 *(.rodata*)
 .rodata.flashWsTable
                0x00002740       0x28 ./emlib/em_cmu.o
 .rodata        0x00002768       0x24 ./src/main.o
 .rodata.str1.1
                0x0000278c        0x2 c:/siliconlabs/simplicitystudio/v4/developer/toolchains/gnu_arm/4.8_2013q4/bin/../lib/gcc/arm-none-eabi/4.8.3/../../../../arm-none-eabi/lib/armv7e-m/softfp\libc_s.a(lib_a-impure.o)
 *fill*         0x0000278e        0x2 
 .rodata._global_impure_ptr
                0x00002790        0x4 c:/siliconlabs/simplicitystudio/v4/developer/toolchains/gnu_arm/4.8_2013q4/bin/../lib/gcc/arm-none-eabi/4.8.3/../../../../arm-none-eabi/lib/armv7e-m/softfp\libc_s.a(lib_a-impure.o)
                0x00002790                _global_impure_ptr
 *(.eh_frame*)
 .eh_frame      0x00002794        0x0 c:/siliconlabs/simplicitystudio/v4/developer/toolchains/gnu_arm/4.8_2013q4/bin/../lib/gcc/arm-none-eabi/4.8.3/armv7e-m/softfp/crtbegin.o
 .eh_frame      0x00002794        0x4 c:/siliconlabs/simplicitystudio/v4/developer/toolchains/gnu_arm/4.8_2013q4/bin/../lib/gcc/arm-none-eabi/4.8.3/armv7e-m/softfp/crtend.o

.glue_7         0x00002798        0x0
 .glue_7        0x00000000        0x0 linker stubs

.glue_7t        0x00002798        0x0
 .glue_7t       0x00000000        0x0 linker stubs

.vfp11_veneer   0x00002798        0x0
 .vfp11_veneer  0x00000000        0x0 linker stubs

.v4_bx          0x00002798        0x0
 .v4_bx         0x00000000        0x0 linker stubs

.iplt           0x00002798        0x0
 .iplt          0x00000000        0x0 c:/siliconlabs/simplicitystudio/v4/developer/toolchains/gnu_arm/4.8_2013q4/bin/../lib/gcc/arm-none-eabi/4.8.3/armv7e-m/softfp/crtbegin.o

.ARM.extab
 *(.ARM.extab* .gnu.linkonce.armextab.*)
                0x00002798                __exidx_start = .

.ARM.exidx      0x00002798        0x8
 *(.ARM.exidx* .gnu.linkonce.armexidx.*)
 .ARM.exidx     0x00002798        0x8 c:/siliconlabs/simplicitystudio/v4/developer/toolchains/gnu_arm/4.8_2013q4/bin/../lib/gcc/arm-none-eabi/4.8.3/../../../../arm-none-eabi/lib/armv7e-m/softfp/crt0.o
                0x000027a0                __exidx_end = .
                0x000027a0                __etext = .

.rel.dyn        0x000027a0        0x0
 .rel.iplt      0x00000000        0x0 c:/siliconlabs/simplicitystudio/v4/developer/toolchains/gnu_arm/4.8_2013q4/bin/../lib/gcc/arm-none-eabi/4.8.3/armv7e-m/softfp/crtbegin.o

.data           0x20000000       0x80 load address 0x000027a0
                0x20000000                __data_start__ = .
 *(vtable)
 *(.data*)
 .data.SystemHFXOClock
                0x20000000        0x4 ./CMSIS/EFM32PG12B/system_efm32pg12b.o
 .data.SystemLFXOClock
                0x20000004        0x4 ./CMSIS/EFM32PG12B/system_efm32pg12b.o
 .data.SystemCoreClock
                0x20000008        0x4 ./CMSIS/EFM32PG12B/system_efm32pg12b.o
                0x20000008                SystemCoreClock
 .data.SystemHfrcoFreq
                0x2000000c        0x4 ./CMSIS/EFM32PG12B/system_efm32pg12b.o
                0x2000000c                SystemHfrcoFreq
 .data.auxHfrcoFreq
                0x20000010        0x4 ./emlib/em_cmu.o
 .data.impure_data
                0x20000014       0x60 c:/siliconlabs/simplicitystudio/v4/developer/toolchains/gnu_arm/4.8_2013q4/bin/../lib/gcc/arm-none-eabi/4.8.3/../../../../arm-none-eabi/lib/armv7e-m/softfp\libc_s.a(lib_a-impure.o)
                0x20000074                . = ALIGN (0x4)
 *(.ram)
                0x20000074                . = ALIGN (0x4)
                0x20000074                PROVIDE (__preinit_array_start, .)
 *(.preinit_array)
                0x20000074                PROVIDE (__preinit_array_end, .)
                0x20000074                . = ALIGN (0x4)
                0x20000074                PROVIDE (__init_array_start, .)
 *(SORT(.init_array.*))
 *(.init_array)
 .init_array    0x20000074        0x4 c:/siliconlabs/simplicitystudio/v4/developer/toolchains/gnu_arm/4.8_2013q4/bin/../lib/gcc/arm-none-eabi/4.8.3/armv7e-m/softfp/crtbegin.o
                0x20000078                PROVIDE (__init_array_end, .)
                0x20000078                . = ALIGN (0x4)
                0x20000078                PROVIDE (__fini_array_start, .)
 *(SORT(.fini_array.*))
 *(.fini_array)
 .fini_array    0x20000078        0x4 c:/siliconlabs/simplicitystudio/v4/developer/toolchains/gnu_arm/4.8_2013q4/bin/../lib/gcc/arm-none-eabi/4.8.3/armv7e-m/softfp/crtbegin.o
                0x2000007c                PROVIDE (__fini_array_end, .)
 *(.jcr*)
 .jcr           0x2000007c        0x0 c:/siliconlabs/simplicitystudio/v4/developer/toolchains/gnu_arm/4.8_2013q4/bin/../lib/gcc/arm-none-eabi/4.8.3/armv7e-m/softfp/crtbegin.o
 .jcr           0x2000007c        0x4 c:/siliconlabs/simplicitystudio/v4/developer/toolchains/gnu_arm/4.8_2013q4/bin/../lib/gcc/arm-none-eabi/4.8.3/armv7e-m/softfp/crtend.o
                0x20000080                . = ALIGN (0x4)
                0x20000080                __data_end__ = .

.igot.plt       0x20000080        0x0 load address 0x00002820
 .igot.plt      0x00000000        0x0 c:/siliconlabs/simplicitystudio/v4/developer/toolchains/gnu_arm/4.8_2013q4/bin/../lib/gcc/arm-none-eabi/4.8.3/armv7e-m/softfp/crtbegin.o

.bss            0x20000080       0x28 load address 0x00002820
                0x20000080                . = ALIGN (0x4)
                0x20000080                __bss_start__ = .
 *(.bss*)
 .bss           0x20000080       0x1c c:/siliconlabs/simplicitystudio/v4/developer/toolchains/gnu_arm/4.8_2013q4/bin/../lib/gcc/arm-none-eabi/4.8.3/armv7e-m/softfp/crtbegin.o
 .bss.dcdcMaxCurrent_mA
                0x2000009c        0x2 ./emlib/em_emu.o
 .bss.dcdcEm01LoadCurrent_mA
                0x2000009e        0x2 ./emlib/em_emu.o
 .bss.dcdcReverseCurrentControl
                0x200000a0        0x2 ./emlib/em_emu.o
 *fill*         0x200000a2        0x2 
 .bss.vScaleEM01Config
                0x200000a4        0x4 ./emlib/em_emu.o
 *(COMMON)
                0x200000a8                . = ALIGN (0x4)
                0x200000a8                __bss_end__ = .

.heap           0x200000a8      0xc00
                0x200000a8                __HeapBase = .
                0x200000a8                __end__ = .
                0x200000a8                end = __end__
                0x200000a8                _end = __end__
 *(.heap*)
 .heap          0x200000a8      0xc00 ./CMSIS/EFM32PG12B/startup_gcc_efm32pg12b.o
                0x20000ca8                __HeapLimit = .

.stack_dummy    0x200000a8      0x400
 *(.stack*)
 .stack         0x200000a8      0x400 ./CMSIS/EFM32PG12B/startup_gcc_efm32pg12b.o
                0x20040000                __StackTop = (ORIGIN (RAM) + 0x40000)
                0x2003fc00                __StackLimit = (__StackTop - SIZEOF (.stack_dummy))
                0x20040000                PROVIDE (__stack, __StackTop)
                0x00000001                ASSERT ((__StackLimit >= __HeapLimit), region RAM overflowed with stack)
                0x00000001                ASSERT ((0x100000 >= (__etext + SIZEOF (.data))), FLASH memory overflowed !)
OUTPUT(Pearl_Blinky.axf elf32-littlearm)

.ARM.attributes
                0x00000000       0x2e
 .ARM.attributes
                0x00000000       0x22 c:/siliconlabs/simplicitystudio/v4/developer/toolchains/gnu_arm/4.8_2013q4/bin/../lib/gcc/arm-none-eabi/4.8.3/armv7e-m/softfp/crti.o
 .ARM.attributes
                0x00000022       0x32 c:/siliconlabs/simplicitystudio/v4/developer/toolchains/gnu_arm/4.8_2013q4/bin/../lib/gcc/arm-none-eabi/4.8.3/armv7e-m/softfp/crtbegin.o
 .ARM.attributes
                0x00000054       0x20 c:/siliconlabs/simplicitystudio/v4/developer/toolchains/gnu_arm/4.8_2013q4/bin/../lib/gcc/arm-none-eabi/4.8.3/../../../../arm-none-eabi/lib/armv7e-m/softfp/crt0.o
 .ARM.attributes
                0x00000074       0x1f ./CMSIS/EFM32PG12B/startup_gcc_efm32pg12b.o
 .ARM.attributes
                0x00000093       0x37 ./CMSIS/EFM32PG12B/system_efm32pg12b.o
 .ARM.attributes
                0x000000ca       0x37 ./emlib/em_cmu.o
 .ARM.attributes
                0x00000101       0x37 ./emlib/em_emu.o
 .ARM.attributes
                0x00000138       0x37 ./emlib/em_gpio.o
 .ARM.attributes
                0x0000016f       0x37 ./src/cmu.o
 .ARM.attributes
                0x000001a6       0x37 ./src/gpio.o
 .ARM.attributes
                0x000001dd       0x37 ./src/main.o
 .ARM.attributes
                0x00000214       0x32 c:/siliconlabs/simplicitystudio/v4/developer/toolchains/gnu_arm/4.8_2013q4/bin/../lib/gcc/arm-none-eabi/4.8.3/../../../../arm-none-eabi/lib/armv7e-m/softfp\libc_s.a(lib_a-exit.o)
 .ARM.attributes
                0x00000246       0x32 c:/siliconlabs/simplicitystudio/v4/developer/toolchains/gnu_arm/4.8_2013q4/bin/../lib/gcc/arm-none-eabi/4.8.3/../../../../arm-none-eabi/lib/armv7e-m/softfp\libc_s.a(lib_a-impure.o)
 .ARM.attributes
                0x00000278       0x32 c:/siliconlabs/simplicitystudio/v4/developer/toolchains/gnu_arm/4.8_2013q4/bin/../lib/gcc/arm-none-eabi/4.8.3/../../../../arm-none-eabi/lib/armv7e-m/softfp\libc_s.a(lib_a-init.o)
 .ARM.attributes
                0x000002aa       0x32 c:/siliconlabs/simplicitystudio/v4/developer/toolchains/gnu_arm/4.8_2013q4/bin/../lib/gcc/arm-none-eabi/4.8.3/../../../../arm-none-eabi/lib/armv7e-m/softfp\libc_s.a(lib_a-memset.o)
 .ARM.attributes
                0x000002dc       0x32 c:/siliconlabs/simplicitystudio/v4/developer/toolchains/gnu_arm/4.8_2013q4/bin/../lib/gcc/arm-none-eabi/4.8.3/../../../../arm-none-eabi/lib/armv7e-m/softfp\libnosys.a(_exit.o)
 .ARM.attributes
                0x0000030e       0x32 c:/siliconlabs/simplicitystudio/v4/developer/toolchains/gnu_arm/4.8_2013q4/bin/../lib/gcc/arm-none-eabi/4.8.3/armv7e-m/softfp/crtend.o
 .ARM.attributes
                0x00000340       0x22 c:/siliconlabs/simplicitystudio/v4/developer/toolchains/gnu_arm/4.8_2013q4/bin/../lib/gcc/arm-none-eabi/4.8.3/armv7e-m/softfp/crtn.o

.comment        0x00000000       0x70
 .comment       0x00000000       0x70 ./CMSIS/EFM32PG12B/system_efm32pg12b.o
                                 0x71 (size before relaxing)
 .comment       0x00000000       0x71 ./emlib/em_cmu.o
 .comment       0x00000000       0x71 ./emlib/em_emu.o
 .comment       0x00000000       0x71 ./emlib/em_gpio.o
 .comment       0x00000000       0x71 ./src/cmu.o
 .comment       0x00000000       0x71 ./src/gpio.o
 .comment       0x00000000       0x71 ./src/main.o

.debug_line     0x00000000     0x5464
 .debug_line    0x00000000       0x78 ./CMSIS/EFM32PG12B/startup_gcc_efm32pg12b.o
 .debug_line    0x00000078      0x88d ./CMSIS/EFM32PG12B/system_efm32pg12b.o
 .debug_line    0x00000905     0x125a ./emlib/em_cmu.o
 .debug_line    0x00001b5f     0x12d4 ./emlib/em_emu.o
 .debug_line    0x00002e33      0xa23 ./emlib/em_gpio.o
 .debug_line    0x00003856      0x872 ./src/cmu.o
 .debug_line    0x000040c8      0x863 ./src/gpio.o
 .debug_line    0x0000492b      0xb39 ./src/main.o

.debug_info     0x00000000     0x7373
 .debug_info    0x00000000       0x90 ./CMSIS/EFM32PG12B/startup_gcc_efm32pg12b.o
 .debug_info    0x00000090      0x89b ./CMSIS/EFM32PG12B/system_efm32pg12b.o
 .debug_info    0x0000092b     0x2379 ./emlib/em_cmu.o
 .debug_info    0x00002ca4     0x232a ./emlib/em_emu.o
 .debug_info    0x00004fce      0xa44 ./emlib/em_gpio.o
 .debug_info    0x00005a12      0x2e3 ./src/cmu.o
 .debug_info    0x00005cf5      0x179 ./src/gpio.o
 .debug_info    0x00005e6e     0x1505 ./src/main.o

.debug_abbrev   0x00000000      0xcf3
 .debug_abbrev  0x00000000       0x14 ./CMSIS/EFM32PG12B/startup_gcc_efm32pg12b.o
 .debug_abbrev  0x00000014      0x1bd ./CMSIS/EFM32PG12B/system_efm32pg12b.o
 .debug_abbrev  0x000001d1      0x313 ./emlib/em_cmu.o
 .debug_abbrev  0x000004e4      0x314 ./emlib/em_emu.o
 .debug_abbrev  0x000007f8      0x1ec ./emlib/em_gpio.o
 .debug_abbrev  0x000009e4       0x91 ./src/cmu.o
 .debug_abbrev  0x00000a75       0x82 ./src/gpio.o
 .debug_abbrev  0x00000af7      0x1fc ./src/main.o

.debug_aranges  0x00000000      0x500
 .debug_aranges
                0x00000000       0x20 ./CMSIS/EFM32PG12B/startup_gcc_efm32pg12b.o
 .debug_aranges
                0x00000020       0x68 ./CMSIS/EFM32PG12B/system_efm32pg12b.o
 .debug_aranges
                0x00000088      0x1b8 ./emlib/em_cmu.o
 .debug_aranges
                0x00000240      0x1a8 ./emlib/em_emu.o
 .debug_aranges
                0x000003e8       0x88 ./emlib/em_gpio.o
 .debug_aranges
                0x00000470       0x20 ./src/cmu.o
 .debug_aranges
                0x00000490       0x20 ./src/gpio.o
 .debug_aranges
                0x000004b0       0x50 ./src/main.o

.debug_loc      0x00000000     0x1c0c
 .debug_loc     0x00000000      0x1e8 ./CMSIS/EFM32PG12B/system_efm32pg12b.o
 .debug_loc     0x000001e8      0xaf4 ./emlib/em_cmu.o
 .debug_loc     0x00000cdc      0xa4a ./emlib/em_emu.o
 .debug_loc     0x00001726      0x310 ./emlib/em_gpio.o
 .debug_loc     0x00001a36       0x2c ./src/cmu.o
 .debug_loc     0x00001a62       0x2c ./src/gpio.o
 .debug_loc     0x00001a8e      0x17e ./src/main.o

.debug_ranges   0x00000000      0x470
 .debug_ranges  0x00000000       0x58 ./CMSIS/EFM32PG12B/system_efm32pg12b.o
 .debug_ranges  0x00000058      0x1a8 ./emlib/em_cmu.o
 .debug_ranges  0x00000200      0x198 ./emlib/em_emu.o
 .debug_ranges  0x00000398       0x78 ./emlib/em_gpio.o
 .debug_ranges  0x00000410       0x10 ./src/cmu.o
 .debug_ranges  0x00000420       0x10 ./src/gpio.o
 .debug_ranges  0x00000430       0x40 ./src/main.o

.debug_macro    0x00000000     0x1bbf
 .debug_macro   0x00000000      0x283 ./CMSIS/EFM32PG12B/system_efm32pg12b.o
 .debug_macro   0x00000283      0x384 ./emlib/em_cmu.o
 .debug_macro   0x00000607       0x2b ./emlib/em_cmu.o
 .debug_macro   0x00000632       0xee ./emlib/em_cmu.o
 .debug_macro   0x00000720       0x80 ./emlib/em_cmu.o
 .debug_macro   0x000007a0      0x371 ./emlib/em_emu.o
 .debug_macro   0x00000b11       0x25 ./emlib/em_emu.o
 .debug_macro   0x00000b36       0x7a ./emlib/em_emu.o
 .debug_macro   0x00000bb0      0x296 ./emlib/em_gpio.o
 .debug_macro   0x00000e46      0x29b ./src/cmu.o
 .debug_macro   0x000010e1      0x297 ./src/gpio.o
 .debug_macro   0x00001378       0x28 ./src/gpio.o
 .debug_macro   0x000013a0      0x321 ./src/main.o
 .debug_macro   0x000016c1      0x344 ./src/main.o
 .debug_macro   0x00001a05      0x1ba ./src/main.o

.debug_str      0x00000000   0x153ac9
 .debug_str     0x00000000   0x14db04 ./CMSIS/EFM32PG12B/system_efm32pg12b.o
                             0x14e917 (size before relaxing)
 .debug_str     0x0014db04     0x38a4 ./emlib/em_cmu.o
                             0x15210f (size before relaxing)
 .debug_str     0x001513a8     0x113c ./emlib/em_emu.o
                             0x15202a (size before relaxing)
 .debug_str     0x001524e4      0x49a ./emlib/em_gpio.o
                             0x14f33c (size before relaxing)
 .debug_str     0x0015297e       0x20 ./src/cmu.o
                             0x14fd37 (size before relaxing)
 .debug_str     0x0015299e       0x80 ./src/gpio.o
                             0x14eed4 (size before relaxing)
 .debug_str     0x00152a1e     0x10ab ./src/main.o
                             0x151d3a (size before relaxing)

.debug_frame    0x00000000     0x1074
 .debug_frame   0x00000000      0x11c ./CMSIS/EFM32PG12B/system_efm32pg12b.o
 .debug_frame   0x0000011c      0x618 ./emlib/em_cmu.o
 .debug_frame   0x00000734      0x5bc ./emlib/em_emu.o
 .debug_frame   0x00000cf0      0x1b4 ./emlib/em_gpio.o
 .debug_frame   0x00000ea4       0x2c ./src/cmu.o
 .debug_frame   0x00000ed0       0x2c ./src/gpio.o
 .debug_frame   0x00000efc       0xe4 ./src/main.o
 .debug_frame   0x00000fe0       0x28 c:/siliconlabs/simplicitystudio/v4/developer/toolchains/gnu_arm/4.8_2013q4/bin/../lib/gcc/arm-none-eabi/4.8.3/../../../../arm-none-eabi/lib/armv7e-m/softfp\libc_s.a(lib_a-exit.o)
 .debug_frame   0x00001008       0x2c c:/siliconlabs/simplicitystudio/v4/developer/toolchains/gnu_arm/4.8_2013q4/bin/../lib/gcc/arm-none-eabi/4.8.3/../../../../arm-none-eabi/lib/armv7e-m/softfp\libc_s.a(lib_a-init.o)
 .debug_frame   0x00001034       0x20 c:/siliconlabs/simplicitystudio/v4/developer/toolchains/gnu_arm/4.8_2013q4/bin/../lib/gcc/arm-none-eabi/4.8.3/../../../../arm-none-eabi/lib/armv7e-m/softfp\libc_s.a(lib_a-memset.o)
 .debug_frame   0x00001054       0x20 c:/siliconlabs/simplicitystudio/v4/developer/toolchains/gnu_arm/4.8_2013q4/bin/../lib/gcc/arm-none-eabi/4.8.3/../../../../arm-none-eabi/lib/armv7e-m/softfp\libnosys.a(_exit.o)
