14:43:55 **** Incremental Build of configuration GNU ARM v4.8.3 - Debug for project Pearl_Blinky ****
make -j8 all 
Building file: ../src/timer.c
Invoking: GNU ARM C Compiler
arm-none-eabi-gcc -g3 -gdwarf-2 -mcpu=cortex-m4 -mthumb -std=c99 '-DHAL_CONFIG=1' '-DEFM32PG12B500F1024GL125=1' -I"C:/Users/sonya/SimplicityStudio/v4_workspace/Pearl_Blinky/hal-config" -I"C:/SiliconLabs/SimplicityStudio/v4/developer/sdks/gecko_sdk_suite/v2.5//platform/halconfig/inc/hal-config" -I"C:/SiliconLabs/SimplicityStudio/v4/developer/sdks/gecko_sdk_suite/v2.5//hardware/kit/common/halconfig" -I"C:/SiliconLabs/SimplicityStudio/v4/developer/sdks/gecko_sdk_suite/v2.5//platform/CMSIS/Include" -I"C:/SiliconLabs/SimplicityStudio/v4/developer/sdks/gecko_sdk_suite/v2.5//hardware/kit/common/bsp" -I"C:/SiliconLabs/SimplicityStudio/v4/developer/sdks/gecko_sdk_suite/v2.5//hardware/kit/common/drivers" -I"C:/SiliconLabs/SimplicityStudio/v4/developer/sdks/gecko_sdk_suite/v2.5//platform/Device/SiliconLabs/EFM32PG12B/Include" -I"C:/SiliconLabs/SimplicityStudio/v4/developer/sdks/gecko_sdk_suite/v2.5//platform/emlib/inc" -O0 -Wall -c -fmessage-length=0 -ffunction-sections -fdata-sections -mfpu=fpv4-sp-d16 -mfloat-abi=softfp -MMD -MP -MF"src/timer.d" -MT"src/timer.o" -o "src/timer.o" "../src/timer.c"
Finished building: ../src/timer.c
 
Building target: Pearl_Blinky.axf
Invoking: GNU ARM C Linker
arm-none-eabi-gcc -g3 -gdwarf-2 -mcpu=cortex-m4 -mthumb -T "Pearl_Blinky.ld" -Xlinker --gc-sections -Xlinker -Map="Pearl_Blinky.map" -mfpu=fpv4-sp-d16 -mfloat-abi=softfp --specs=nano.specs -o Pearl_Blinky.axf "./BSP/bsp_stk_leds.o" "./CMSIS/EFM32PG12B/startup_gcc_efm32pg12b.o" "./CMSIS/EFM32PG12B/system_efm32pg12b.o" "./emlib/em_acmp.o" "./emlib/em_adc.o" "./emlib/em_aes.o" "./emlib/em_assert.o" "./emlib/em_burtc.o" "./emlib/em_can.o" "./emlib/em_cmu.o" "./emlib/em_core.o" "./emlib/em_cryotimer.o" "./emlib/em_crypto.o" "./emlib/em_csen.o" "./emlib/em_dac.o" "./emlib/em_dbg.o" "./emlib/em_dma.o" "./emlib/em_ebi.o" "./emlib/em_emu.o" "./emlib/em_gpcrc.o" "./emlib/em_gpio.o" "./emlib/em_i2c.o" "./emlib/em_iadc.o" "./emlib/em_idac.o" "./emlib/em_int.o" "./emlib/em_lcd.o" "./emlib/em_ldma.o" "./emlib/em_lesense.o" "./emlib/em_letimer.o" "./emlib/em_leuart.o" "./emlib/em_mpu.o" "./emlib/em_msc.o" "./emlib/em_opamp.o" "./emlib/em_pcnt.o" "./emlib/em_pdm.o" "./emlib/em_prs.o" "./emlib/em_qspi.o" "./emlib/em_rmu.o" "./emlib/em_rtc.o" "./emlib/em_rtcc.o" "./emlib/em_se.o" "./emlib/em_system.o" "./emlib/em_timer.o" "./emlib/em_usart.o" "./emlib/em_vcmp.o" "./emlib/em_vdac.o" "./emlib/em_wdog.o" "./src/cmu.o" "./src/gpio.o" "./src/main.o" "./src/timer.o" -Wl,--start-group -lgcc -lc -lnosys -Wl,--end-group
Finished building target: Pearl_Blinky.axf
 
Building hex file: Pearl_Blinky.hex
arm-none-eabi-objcopy -O ihex "Pearl_Blinky.axf" "Pearl_Blinky.hex"
 
Building bin file: Pearl_Blinky.bin
arm-none-eabi-objcopy -O binary "Pearl_Blinky.axf" "Pearl_Blinky.bin"
 
Building s37 file: Pearl_Blinky.s37
arm-none-eabi-objcopy -O srec "Pearl_Blinky.axf" "Pearl_Blinky.s37"
 
Running size tool
arm-none-eabi-size "Pearl_Blinky.axf"
   text	   data	    bss	    dec	    hex	filename
  10548	    128	     40	  10716	   29dc	Pearl_Blinky.axf
 

14:44:07 Build Finished (took 11s.941ms)

